Archive member included to satisfy reference by file (symbol)

app/libapp.a(main.c.obj)      (--whole-archive)
zephyr/libzephyr.a(heap.c.obj)
                              (--whole-archive)
zephyr/libzephyr.a(cbprintf_packaged.c.obj)
                              (--whole-archive)
zephyr/libzephyr.a(printk.c.obj)
                              (--whole-archive)
zephyr/libzephyr.a(sem.c.obj)
                              (--whole-archive)
zephyr/libzephyr.a(thread_entry.c.obj)
                              (--whole-archive)
zephyr/libzephyr.a(cbprintf_complete.c.obj)
                              (--whole-archive)
zephyr/libzephyr.a(assert.c.obj)
                              (--whole-archive)
zephyr/libzephyr.a(dec.c.obj)
                              (--whole-archive)
zephyr/libzephyr.a(hex.c.obj)
                              (--whole-archive)
zephyr/libzephyr.a(rb.c.obj)  (--whole-archive)
zephyr/libzephyr.a(timeutil.c.obj)
                              (--whole-archive)
zephyr/libzephyr.a(bitarray.c.obj)
                              (--whole-archive)
zephyr/libzephyr.a(ring_buffer.c.obj)
                              (--whole-archive)
zephyr/libzephyr.a(last_section_id.c.obj)
                              (--whole-archive)
zephyr/libzephyr.a(configs.c.obj)
                              (--whole-archive)
zephyr/libzephyr.a(stm32cube_hal.c.obj)
                              (--whole-archive)
zephyr/libzephyr.a(soc_config.c.obj)
                              (--whole-archive)
zephyr/libzephyr.a(soc.c.obj)
                              (--whole-archive)
zephyr/libzephyr.a(mem_attr.c.obj)
                              (--whole-archive)
zephyr/libzephyr.a(tracing_none.c.obj)
                              (--whole-archive)
zephyr/arch/common/libarch__common.a(sw_isr_common.c.obj)
                              (--whole-archive)
zephyr/arch/arch/arm/core/libarch__arm__core.a(fatal.c.obj)
                              (--whole-archive)
zephyr/arch/arch/arm/core/libarch__arm__core.a(nmi.c.obj)
                              (--whole-archive)
zephyr/arch/arch/arm/core/libarch__arm__core.a(nmi_on_reset.S.obj)
                              (--whole-archive)
zephyr/arch/arch/arm/core/libarch__arm__core.a(tls.c.obj)
                              (--whole-archive)
zephyr/arch/arch/arm/core/cortex_m/libarch__arm__core__cortex_m.a(exc_exit.c.obj)
                              (--whole-archive)
zephyr/arch/arch/arm/core/cortex_m/libarch__arm__core__cortex_m.a(fault.c.obj)
                              (--whole-archive)
zephyr/arch/arch/arm/core/cortex_m/libarch__arm__core__cortex_m.a(fault_s.S.obj)
                              (--whole-archive)
zephyr/arch/arch/arm/core/cortex_m/libarch__arm__core__cortex_m.a(fpu.c.obj)
                              (--whole-archive)
zephyr/arch/arch/arm/core/cortex_m/libarch__arm__core__cortex_m.a(reset.S.obj)
                              (--whole-archive)
zephyr/arch/arch/arm/core/cortex_m/libarch__arm__core__cortex_m.a(scb.c.obj)
                              (--whole-archive)
zephyr/arch/arch/arm/core/cortex_m/libarch__arm__core__cortex_m.a(thread_abort.c.obj)
                              (--whole-archive)
zephyr/arch/arch/arm/core/cortex_m/libarch__arm__core__cortex_m.a(vector_table.S.obj)
                              (--whole-archive)
zephyr/arch/arch/arm/core/cortex_m/libarch__arm__core__cortex_m.a(swap_helper.S.obj)
                              (--whole-archive)
zephyr/arch/arch/arm/core/cortex_m/libarch__arm__core__cortex_m.a(irq_manage.c.obj)
                              (--whole-archive)
zephyr/arch/arch/arm/core/cortex_m/libarch__arm__core__cortex_m.a(prep_c.c.obj)
                              (--whole-archive)
zephyr/arch/arch/arm/core/cortex_m/libarch__arm__core__cortex_m.a(thread.c.obj)
                              (--whole-archive)
zephyr/arch/arch/arm/core/cortex_m/libarch__arm__core__cortex_m.a(cpu_idle.c.obj)
                              (--whole-archive)
zephyr/arch/arch/arm/core/cortex_m/libarch__arm__core__cortex_m.a(irq_init.c.obj)
                              (--whole-archive)
zephyr/arch/arch/arm/core/cortex_m/libarch__arm__core__cortex_m.a(isr_wrapper.c.obj)
                              (--whole-archive)
zephyr/arch/arch/arm/core/cortex_m/libarch__arm__core__cortex_m.a(__aeabi_read_tp.S.obj)
                              (--whole-archive)
zephyr/arch/arch/arm/core/mpu/libarch__arm__core__mpu.a(arm_core_mpu.c.obj)
                              (--whole-archive)
zephyr/arch/arch/arm/core/mpu/libarch__arm__core__mpu.a(arm_mpu.c.obj)
                              (--whole-archive)
zephyr/arch/arch/arm/core/mpu/libarch__arm__core__mpu.a(arm_mpu_regions.c.obj)
                              (--whole-archive)
zephyr/lib/libc/picolibc/liblib__libc__picolibc.a(assert.c.obj)
                              (--whole-archive)
zephyr/lib/libc/picolibc/liblib__libc__picolibc.a(cbprintf.c.obj)
                              (--whole-archive)
[...]
Memory Configuration

Name             Origin             Length             Attributes
FLASH            0x0000000008000000 0x0000000000020000 xr
RAM              0x0000000020000000 0x0000000000008000 xw
IDT_LIST         0x00000000ffff7fff 0x0000000000008000 xw
*default*        0x0000000000000000 0xffffffffffffffff

Linker script and memory map

                0x00000000080027f0                vfprintf = __l_vfprintf
                0x0000000000000000                vfscanf = __l_vfscanf
LOAD zephyr/CMakeFiles/zephyr_pre0.dir/misc/empty_file.c.obj
LOAD zephyr/CMakeFiles/offsets.dir/./arch/arm/core/offsets/offsets.c.obj
LOAD app/libapp.a
LOAD zephyr/libzephyr.a
LOAD zephyr/arch/common/libarch__common.a
LOAD zephyr/arch/arch/arm/core/libarch__arm__core.a
LOAD zephyr/arch/arch/arm/core/cortex_m/libarch__arm__core__cortex_m.a
LOAD zephyr/arch/arch/arm/core/mpu/libarch__arm__core__mpu.a
LOAD zephyr/lib/libc/picolibc/liblib__libc__picolibc.a
LOAD zephyr/lib/libc/common/liblib__libc__common.a
LOAD zephyr/drivers/interrupt_controller/libdrivers__interrupt_controller.a
LOAD zephyr/drivers/clock_control/libdrivers__clock_control.a
LOAD zephyr/drivers/console/libdrivers__console.a
LOAD zephyr/drivers/gpio/libdrivers__gpio.a
LOAD zephyr/drivers/pinctrl/libdrivers__pinctrl.a
LOAD zephyr/drivers/reset/libdrivers__reset.a
LOAD zephyr/drivers/serial/libdrivers__serial.a
LOAD zephyr/drivers/timer/libdrivers__timer.a
LOAD modules/hal_stm32/stm32cube/lib..__modules__hal__stm32__stm32cube.a
LOAD zephyr/kernel/libkernel.a
LOAD zephyr/arch/common/libisr_tables.a
LOAD d:\zephyr_sdk\arm-zephyr-eabi\bin\../lib/gcc/../../picolibc/arm-zephyr-eabi/lib/thumb/v7e-m/nofp\libc.a
LOAD d:/zephyr_sdk/arm-zephyr-eabi/bin/../lib/gcc/arm-zephyr-eabi/12.2.0/thumb/v7e-m/nofp\libgcc.a
                0x0000000000000020                _region_min_align = 0x20

.rel.plt        0x0000000008000000        0x0
 *(SORT_BY_ALIGNMENT(.rel.plt))
                [!provide]                        PROVIDE (__rel_iplt_start = .)
 *(SORT_BY_ALIGNMENT(.rel.iplt))
 .rel.iplt      0x0000000008000000        0x0 app/libapp.a(main.c.obj)
                [!provide]                        PROVIDE (__rel_iplt_end = .)

.rela.plt       0x0000000000000000        0x0
 *(SORT_BY_ALIGNMENT(.rela.plt))
                [!provide]                        PROVIDE (__rela_iplt_start = .)
 *(SORT_BY_ALIGNMENT(.rela.iplt))
                [!provide]                        PROVIDE (__rela_iplt_end = .)

.rel.dyn
 *(SORT_BY_ALIGNMENT(.rel.*))

.rela.dyn
 *(SORT_BY_ALIGNMENT(.rela.*))

/DISCARD/
 *(SORT_BY_ALIGNMENT(.plt))

/DISCARD/
 *(SORT_BY_ALIGNMENT(.iplt))
                0x0000000008000000                __rom_region_start = 0x8000000

rom_start       0x0000000008000000      0x1d8
                0x0000000008000000                __rom_start_address = .
 FILL mask 0x00
                0x0000000008000000                . = (. + (0x0 - (. - __rom_start_address)))
                0x0000000008000000                . = ALIGN (0x4)
                0x0000000008000000                . = ALIGN (0x80)
                0x0000000008000000                . = ALIGN (0x200)
                0x0000000008000000                _vector_start = .
 *(SORT_BY_ALIGNMENT(.exc_vector_table))
 *(SORT_BY_ALIGNMENT(.exc_vector_table.*))
 .exc_vector_table._vector_table_section
                0x0000000008000000       0x40 zephyr/arch/arch/arm/core/cortex_m/libarch__arm__core__cortex_m.a(vector_table.S.obj)
                0x0000000008000000                _vector_table
 *(SORT_BY_ALIGNMENT(.vectors))
                0x00000000080001d8                _vector_end = .
                0x0000000008000040                . = ALIGN (0x4)
 *(SORT_BY_ALIGNMENT(.gnu.linkonce.irq_vector_table*))
 .gnu.linkonce.irq_vector_table
                0x0000000008000040      0x198 zephyr/arch/common/libisr_tables.a(isr_tables.c.obj)
                0x0000000008000040                _irq_vector_table
                0x00000000080001d8                _vector_end = .

text            0x00000000080001d8     0x3668
                0x00000000080001d8                __text_region_start = .
 *(SORT_BY_ALIGNMENT(.text))
 .text          0x00000000080001d8       0x30 d:/zephyr_sdk/arm-zephyr-eabi/bin/../lib/gcc/arm-zephyr-eabi/12.2.0/thumb/v7e-m/nofp\libgcc.a(_aeabi_uldivmod.o)
                0x00000000080001d8                __aeabi_uldivmod
 .text          0x0000000008000208        0x4 d:/zephyr_sdk/arm-zephyr-eabi/bin/../lib/gcc/arm-zephyr-eabi/12.2.0/thumb/v7e-m/nofp\libgcc.a(_dvmd_tls.o)
                0x0000000008000208                __aeabi_idiv0
                0x0000000008000208                __aeabi_ldiv0
 .text          0x000000000800020c      0x2a0 d:/zephyr_sdk/arm-zephyr-eabi/bin/../lib/gcc/arm-zephyr-eabi/12.2.0/thumb/v7e-m/nofp\libgcc.a(_udivmoddi4.o)
                0x000000000800020c                __udivmoddi4
 *(SORT_BY_ALIGNMENT(.text.*))
 .text.main     0x00000000080004ac       0x4c app/libapp.a(main.c.obj)
                0x00000000080004ac                main
 .text.char_out
                0x00000000080004f8        0xc zephyr/libzephyr.a(printk.c.obj)
 .text.__printk_hook_install
                0x0000000008000504        0xc zephyr/libzephyr.a(printk.c.obj)
                0x0000000008000504                __printk_hook_install
 .text.vprintk  0x0000000008000510       0x30 zephyr/libzephyr.a(printk.c.obj)
                0x0000000008000510                vprintk
 .text.z_thread_entry
                0x0000000008000540       0x34 zephyr/libzephyr.a(thread_entry.c.obj)
                0x0000000008000540                z_thread_entry
 .text.st_stm32_common_config
                0x0000000008000574       0x14 zephyr/libzephyr.a(soc_config.c.obj)
 .text.soc_early_init_hook
                0x0000000008000588       0x68 zephyr/libzephyr.a(soc.c.obj)
                0x0000000008000588                soc_early_init_hook
 .text.mem_attr_get_regions
                0x00000000080005f0        0xc zephyr/libzephyr.a(mem_attr.c.obj)
                0x00000000080005f0                mem_attr_get_regions
 .text.z_SysNmiOnReset
                0x00000000080005fc        0x8 zephyr/arch/arch/arm/core/libarch__arm__core.a(nmi_on_reset.S.obj)
                0x00000000080005fc                z_SysNmiOnReset
 .text.arch_tls_stack_setup
                0x0000000008000604       0x40 zephyr/arch/arch/arm/core/libarch__arm__core.a(tls.c.obj)
                0x0000000008000604                arch_tls_stack_setup
 .text._HandlerModeExit
                0x0000000008000644       0x20 zephyr/arch/arch/arm/core/cortex_m/libarch__arm__core__cortex_m.a(exc_exit.c.obj)
                0x0000000008000644                z_arm_int_exit
                0x0000000008000644                z_arm_exc_exit
 .text.mem_manage_fault
                0x0000000008000664       0xa0 zephyr/arch/arch/arm/core/cortex_m/libarch__arm__core__cortex_m.a(fault.c.obj)
 .text.usage_fault.constprop.0
                0x0000000008000704       0x54 zephyr/arch/arch/arm/core/cortex_m/libarch__arm__core__cortex_m.a(fault.c.obj)
 .text.bus_fault.constprop.0
                0x0000000008000758       0x6c zephyr/arch/arch/arm/core/cortex_m/libarch__arm__core__cortex_m.a(fault.c.obj)
 .text.z_arm_fault
                0x00000000080007c4      0x128 zephyr/arch/arch/arm/core/cortex_m/libarch__arm__core__cortex_m.a(fault.c.obj)
                0x00000000080007c4                z_arm_fault
 .text.z_arm_fault_init
                0x00000000080008ec       0x18 zephyr/arch/arch/arm/core/cortex_m/libarch__arm__core__cortex_m.a(fault.c.obj)
                0x00000000080008ec                z_arm_fault_init
 .text.__fault  0x0000000008000904       0x14 zephyr/arch/arch/arm/core/cortex_m/libarch__arm__core__cortex_m.a(fault_s.S.obj)
                0x0000000008000904                z_arm_usage_fault
                0x0000000008000904                z_arm_mpu_fault
                0x0000000008000904                z_arm_exc_spurious
                0x0000000008000904                z_arm_debug_monitor
                0x0000000008000904                z_arm_hard_fault
                0x0000000008000904                z_arm_bus_fault
 .text._reset_section
                0x0000000008000918       0x34 zephyr/arch/arch/arm/core/cortex_m/libarch__arm__core__cortex_m.a(reset.S.obj)
                0x0000000008000918                __start
                0x0000000008000918                z_arm_reset
 .text.z_impl_k_thread_abort
                0x000000000800094c       0x2c zephyr/arch/arch/arm/core/cortex_m/libarch__arm__core__cortex_m.a(thread_abort.c.obj)
                0x000000000800094c                z_impl_k_thread_abort
 .text.z_arm_pendsv
                0x0000000008000978       0x60 zephyr/arch/arch/arm/core/cortex_m/libarch__arm__core__cortex_m.a(swap_helper.S.obj)
                0x0000000008000978                z_arm_pendsv
 .text.z_arm_svc
                0x00000000080009d8       0x24 zephyr/arch/arch/arm/core/cortex_m/libarch__arm__core__cortex_m.a(swap_helper.S.obj)
                0x00000000080009d8                z_arm_svc
 .text.arm_irq_enable
                0x00000000080009fc       0x1c zephyr/arch/arch/arm/core/cortex_m/libarch__arm__core__cortex_m.a(irq_manage.c.obj)
                0x00000000080009fc                arm_irq_enable
 .text.arm_irq_priority_set
                0x0000000008000a18       0x30 zephyr/arch/arch/arm/core/cortex_m/libarch__arm__core__cortex_m.a(irq_manage.c.obj)
                0x0000000008000a18                arm_irq_priority_set
 .text.relocate_vector_table
                0x0000000008000a48       0x1c zephyr/arch/arch/arm/core/cortex_m/libarch__arm__core__cortex_m.a(prep_c.c.obj)
                0x0000000008000a48                relocate_vector_table
 .text.z_prep_c
                0x0000000008000a64       0x38 zephyr/arch/arch/arm/core/cortex_m/libarch__arm__core__cortex_m.a(prep_c.c.obj)
                0x0000000008000a64                z_prep_c
 .text.arch_new_thread
                0x0000000008000a9c       0x38 zephyr/arch/arch/arm/core/cortex_m/libarch__arm__core__cortex_m.a(thread.c.obj)
                0x0000000008000a9c                arch_new_thread
 .text.z_check_thread_stack_fail
                0x0000000008000ad4       0x2c zephyr/arch/arch/arm/core/cortex_m/libarch__arm__core__cortex_m.a(thread.c.obj)
                0x0000000008000ad4                z_check_thread_stack_fail
 .text.arch_switch_to_main_thread
                0x0000000008000b00       0x3c zephyr/arch/arch/arm/core/cortex_m/libarch__arm__core__cortex_m.a(thread.c.obj)
                0x0000000008000b00                arch_switch_to_main_thread
 .text.z_arm_cpu_idle_init
                0x0000000008000b3c        0xc zephyr/arch/arch/arm/core/cortex_m/libarch__arm__core__cortex_m.a(cpu_idle.c.obj)
                0x0000000008000b3c                z_arm_cpu_idle_init
 .text.z_arm_interrupt_init
                0x0000000008000b48       0x18 zephyr/arch/arch/arm/core/cortex_m/libarch__arm__core__cortex_m.a(irq_init.c.obj)
                0x0000000008000b48                z_arm_interrupt_init
 .text._isr_wrapper
                0x0000000008000b60       0x24 zephyr/arch/arch/arm/core/cortex_m/libarch__arm__core__cortex_m.a(isr_wrapper.c.obj)
                0x0000000008000b60                _isr_wrapper
 .text.z_arm_configure_static_mpu_regions
                0x0000000008000b84       0x18 zephyr/arch/arch/arm/core/mpu/libarch__arm__core__mpu.a(arm_core_mpu.c.obj)
                0x0000000008000b84                z_arm_configure_static_mpu_regions
 .text.z_arm_configure_dynamic_mpu_regions
                0x0000000008000b9c       0x20 zephyr/arch/arch/arm/core/mpu/libarch__arm__core__mpu.a(arm_core_mpu.c.obj)
                0x0000000008000b9c                z_arm_configure_dynamic_mpu_regions
 .text.region_init
                0x0000000008000bbc       0x28 zephyr/arch/arch/arm/core/mpu/libarch__arm__core__mpu.a(arm_mpu.c.obj)
 .text.mpu_configure_regions
                0x0000000008000be4       0x6c zephyr/arch/arch/arm/core/mpu/libarch__arm__core__mpu.a(arm_mpu.c.obj)
 .text.arm_core_mpu_enable
                0x0000000008000c50       0x18 zephyr/arch/arch/arm/core/mpu/libarch__arm__core__mpu.a(arm_mpu.c.obj)
                0x0000000008000c50                arm_core_mpu_enable
 .text.arm_core_mpu_disable
                0x0000000008000c68       0x14 zephyr/arch/arch/arm/core/mpu/libarch__arm__core__mpu.a(arm_mpu.c.obj)
                0x0000000008000c68                arm_core_mpu_disable
 .text.arm_core_mpu_configure_static_mpu_regions
                0x0000000008000c7c       0x14 zephyr/arch/arch/arm/core/mpu/libarch__arm__core__mpu.a(arm_mpu.c.obj)
                0x0000000008000c7c                arm_core_mpu_configure_static_mpu_regions
 .text.arm_core_mpu_configure_dynamic_mpu_regions
                0x0000000008000c90       0x38 zephyr/arch/arch/arm/core/mpu/libarch__arm__core__mpu.a(arm_mpu.c.obj)
                0x0000000008000c90                arm_core_mpu_configure_dynamic_mpu_regions
 .text.z_arm_mpu_init
                0x0000000008000cc8      0x168 zephyr/arch/arch/arm/core/mpu/libarch__arm__core__mpu.a(arm_mpu.c.obj)
                0x0000000008000cc8                z_arm_mpu_init
 .text.z_impl_zephyr_fputc
                0x0000000008000e30       0x10 zephyr/lib/libc/picolibc/liblib__libc__picolibc.a(stdio.c.obj)
                0x0000000008000e30                z_impl_zephyr_fputc
 .text.__stdout_hook_install
                0x0000000008000e40       0x18 zephyr/lib/libc/picolibc/liblib__libc__picolibc.a(stdio.c.obj)
                0x0000000008000e40                __stdout_hook_install
 .text.malloc_prepare
                0x0000000008000e58       0x24 zephyr/lib/libc/common/liblib__libc__common.a(malloc.c.obj)
 .text.stm32_exti_isr
                0x0000000008000e7c       0x4c zephyr/drivers/interrupt_controller/libdrivers__interrupt_controller.a(intc_exti_stm32.c.obj)
 .text.stm32_fill_irq_table
                0x0000000008000ec8       0x18 zephyr/drivers/interrupt_controller/libdrivers__interrupt_controller.a(intc_exti_stm32.c.obj)
 .text.stm32_exti_init
                0x0000000008000ee0       0xb4 zephyr/drivers/interrupt_controller/libdrivers__interrupt_controller.a(intc_exti_stm32.c.obj)
 .text.stm32_gpio_intc_enable_line
                0x0000000008000f94       0x2c zephyr/drivers/interrupt_controller/libdrivers__interrupt_controller.a(intc_exti_stm32.c.obj)
                0x0000000008000f94                stm32_gpio_intc_enable_line
 .text.stm32_gpio_intc_disable_line
                0x0000000008000fc0       0x10 zephyr/drivers/interrupt_controller/libdrivers__interrupt_controller.a(intc_exti_stm32.c.obj)
                0x0000000008000fc0                stm32_gpio_intc_disable_line
 .text.stm32_gpio_intc_select_line_trigger
                0x0000000008000fd0       0x50 zephyr/drivers/interrupt_controller/libdrivers__interrupt_controller.a(intc_exti_stm32.c.obj)
                0x0000000008000fd0                stm32_gpio_intc_select_line_trigger
 .text.stm32_gpio_intc_set_irq_callback
                0x0000000008001020       0x40 zephyr/drivers/interrupt_controller/libdrivers__interrupt_controller.a(intc_exti_stm32.c.obj)
                0x0000000008001020                stm32_gpio_intc_set_irq_callback
 .text.stm32_gpio_intc_remove_irq_callback
                0x0000000008001060       0x24 zephyr/drivers/interrupt_controller/libdrivers__interrupt_controller.a(intc_exti_stm32.c.obj)
                0x0000000008001060                stm32_gpio_intc_remove_irq_callback
 .text.stm32_exti_get_line_src_port
                0x0000000008001084       0x38 zephyr/drivers/interrupt_controller/libdrivers__interrupt_controller.a(intc_exti_stm32.c.obj)
                0x0000000008001084                stm32_exti_get_line_src_port
 .text.stm32_clock_control_get_subsys_rate
                0x00000000080010bc       0xd8 zephyr/drivers/clock_control/libdrivers__clock_control.a(clock_stm32_ll_common.c.obj)
 .text.stm32_clock_control_init
                0x0000000008001194      0x188 zephyr/drivers/clock_control/libdrivers__clock_control.a(clock_stm32_ll_common.c.obj)
                0x0000000008001194                stm32_clock_control_init
 .text.get_pllsrc_frequency
                0x000000000800131c        0x8 zephyr/drivers/clock_control/libdrivers__clock_control.a(clock_stm32g4.c.obj)
                0x000000000800131c                get_pllsrc_frequency
 .text.config_pll_sysclock
                0x0000000008001324       0x34 zephyr/drivers/clock_control/libdrivers__clock_control.a(clock_stm32g4.c.obj)
                0x0000000008001324                config_pll_sysclock
 .text.config_enable_default_clocks
                0x0000000008001358       0x20 zephyr/drivers/clock_control/libdrivers__clock_control.a(clock_stm32g4.c.obj)
                0x0000000008001358                config_enable_default_clocks
 .text.uart_console_init
                0x0000000008001378       0x28 zephyr/drivers/console/libdrivers__console.a(uart_console.c.obj)
 .text.console_out
                0x00000000080013a0       0x28 zephyr/drivers/console/libdrivers__console.a(uart_console.c.obj)
 .text.gpio_stm32_pin_interrupt_configure
                0x00000000080013c8       0xb0 zephyr/drivers/gpio/libdrivers__gpio.a(gpio_stm32.c.obj)
 .text.gpio_stm32_init
                0x0000000008001478       0x38 zephyr/drivers/gpio/libdrivers__gpio.a(gpio_stm32.c.obj)
 .text.pinctrl_configure_pins
                0x00000000080014b0       0x84 zephyr/drivers/pinctrl/libdrivers__pinctrl.a(pinctrl_stm32.c.obj)
                0x00000000080014b0                pinctrl_configure_pins
 .text.uart_stm32_cfg2ll_stopbits
                0x0000000008001534       0x38 zephyr/drivers/serial/libdrivers__serial.a(uart_stm32.c.obj)
 .text.lpuartdiv_calc
                0x000000000800156c       0x30 zephyr/drivers/serial/libdrivers__serial.a(uart_stm32.c.obj)
                0x000000000800156c                lpuartdiv_calc
 .text.uart_stm32_set_baudrate
                0x000000000800159c       0xb0 zephyr/drivers/serial/libdrivers__serial.a(uart_stm32.c.obj)
 .text.uart_stm32_configure
                0x000000000800164c       0xf8 zephyr/drivers/serial/libdrivers__serial.a(uart_stm32.c.obj)
 .text.uart_stm32_init
                0x0000000008001744      0x158 zephyr/drivers/serial/libdrivers__serial.a(uart_stm32.c.obj)
 .text.elapsed  0x000000000800189c       0x4c zephyr/drivers/timer/libdrivers__timer.a(cortex_m_systick.c.obj)
 .text.sys_clock_driver_init
                0x00000000080018e8       0x38 zephyr/drivers/timer/libdrivers__timer.a(cortex_m_systick.c.obj)
 .text.sys_clock_isr
                0x0000000008001920       0x60 zephyr/drivers/timer/libdrivers__timer.a(cortex_m_systick.c.obj)
                0x0000000008001920                sys_clock_isr
 .text.sys_clock_set_timeout
                0x0000000008001980       0xf8 zephyr/drivers/timer/libdrivers__timer.a(cortex_m_systick.c.obj)
                0x0000000008001980                sys_clock_set_timeout
 .text.sys_clock_elapsed
                0x0000000008001a78       0x3c zephyr/drivers/timer/libdrivers__timer.a(cortex_m_systick.c.obj)
                0x0000000008001a78                sys_clock_elapsed
 .text.HAL_RCC_GetSysClockFreq
                0x0000000008001ab4       0x6c modules/hal_stm32/stm32cube/lib..__modules__hal__stm32__stm32cube.a(stm32g4xx_hal_rcc.c.obj)
                0x0000000008001ab4                HAL_RCC_GetSysClockFreq
 .text.LL_SetFlashLatency
                0x0000000008001b20       0xdc modules/hal_stm32/stm32cube/lib..__modules__hal__stm32__stm32cube.a(stm32g4xx_ll_utils.c.obj)
                0x0000000008001b20                LL_SetFlashLatency
 .text.z_fatal_error
                0x0000000008001bfc       0x30 zephyr/kernel/libkernel.a(fatal.c.obj)
                0x0000000008001bfc                z_fatal_error
 .text.z_sys_init_run_level
                0x0000000008001c2c       0x30 zephyr/kernel/libkernel.a(init.c.obj)
 .text.bg_thread_main
                0x0000000008001c5c       0xc0 zephyr/kernel/libkernel.a(init.c.obj)
 .text.z_bss_zero
                0x0000000008001d1c       0x18 zephyr/kernel/libkernel.a(init.c.obj)
                0x0000000008001d1c                z_bss_zero
 .text.z_init_cpu
                0x0000000008001d34       0x70 zephyr/kernel/libkernel.a(init.c.obj)
                0x0000000008001d34                z_init_cpu
 .text.z_cstart
                0x0000000008001da4       0xd0 zephyr/kernel/libkernel.a(init.c.obj)
                0x0000000008001da4                z_cstart
 .text.z_setup_new_thread
                0x0000000008001e74       0x98 zephyr/kernel/libkernel.a(thread.c.obj)
                0x0000000008001e74                z_setup_new_thread
 .text.z_dummy_thread_init
                0x0000000008001f0c       0x18 zephyr/kernel/libkernel.a(thread.c.obj)
                0x0000000008001f0c                z_dummy_thread_init
 .text.z_swap_irqlock
                0x0000000008001f24       0x30 zephyr/kernel/libkernel.a(sched.c.obj)
 .text.ready_thread
                0x0000000008001f54       0x84 zephyr/kernel/libkernel.a(sched.c.obj)
 .text.unready_thread
                0x0000000008001fd8       0x54 zephyr/kernel/libkernel.a(sched.c.obj)
 .text.move_thread_to_end_of_prio_q
                0x000000000800202c       0x90 zephyr/kernel/libkernel.a(sched.c.obj)
                0x000000000800202c                move_thread_to_end_of_prio_q
 .text.z_reschedule
                0x00000000080020bc       0x24 zephyr/kernel/libkernel.a(sched.c.obj)
                0x00000000080020bc                z_reschedule
 .text.z_reschedule_irqlock
                0x00000000080020e0       0x28 zephyr/kernel/libkernel.a(sched.c.obj)
                0x00000000080020e0                z_reschedule_irqlock
 .text.k_sched_lock
                0x0000000008002108       0x28 zephyr/kernel/libkernel.a(sched.c.obj)
                0x0000000008002108                k_sched_lock
 .text.k_sched_unlock
                0x0000000008002130       0x68 zephyr/kernel/libkernel.a(sched.c.obj)
                0x0000000008002130                k_sched_unlock
 .text.z_sched_init
                0x0000000008002198       0x10 zephyr/kernel/libkernel.a(sched.c.obj)
                0x0000000008002198                z_sched_init
 .text.z_impl_k_yield
                0x00000000080021a8       0x88 zephyr/kernel/libkernel.a(sched.c.obj)
                0x00000000080021a8                z_impl_k_yield
 .text.z_tick_sleep
                0x0000000008002230       0x78 zephyr/kernel/libkernel.a(sched.c.obj)
 .text.z_impl_k_wakeup
                0x00000000080022a8       0x48 zephyr/kernel/libkernel.a(sched.c.obj)
                0x00000000080022a8                z_impl_k_wakeup
 .text.z_impl_k_sched_current_thread_query
                0x00000000080022f0        0xc zephyr/kernel/libkernel.a(sched.c.obj)
                0x00000000080022f0                z_impl_k_sched_current_thread_query
 .text.z_thread_abort
                0x00000000080022fc      0x138 zephyr/kernel/libkernel.a(sched.c.obj)
                0x00000000080022fc                z_thread_abort
 .text.slice_timeout
                0x0000000008002434       0x20 zephyr/kernel/libkernel.a(timeslicing.c.obj)
 .text.thread_is_sliceable
                0x0000000008002454       0x3c zephyr/kernel/libkernel.a(timeslicing.c.obj)
                0x0000000008002454                thread_is_sliceable
 .text.z_reset_time_slice
                0x0000000008002490       0x50 zephyr/kernel/libkernel.a(timeslicing.c.obj)
                0x0000000008002490                z_reset_time_slice
 .text.z_time_slice
                0x00000000080024e0       0x60 zephyr/kernel/libkernel.a(timeslicing.c.obj)
                0x00000000080024e0                z_time_slice
 .text.z_data_copy
                0x0000000008002540       0x38 zephyr/kernel/libkernel.a(xip.c.obj)
                0x0000000008002540                z_data_copy
 .text.first    0x0000000008002578       0x10 zephyr/kernel/libkernel.a(timeout.c.obj)
 .text.elapsed  0x0000000008002588       0x14 zephyr/kernel/libkernel.a(timeout.c.obj)
 .text.remove_timeout
                0x000000000800259c       0x38 zephyr/kernel/libkernel.a(timeout.c.obj)
 .text.z_add_timeout
                0x00000000080025d4      0x120 zephyr/kernel/libkernel.a(timeout.c.obj)
                0x00000000080025d4                z_add_timeout
 .text.sys_clock_announce
                0x00000000080026f4       0xc0 zephyr/kernel/libkernel.a(timeout.c.obj)
                0x00000000080026f4                sys_clock_announce
 .text.sys_clock_tick_get
                0x00000000080027b4       0x30 zephyr/kernel/libkernel.a(timeout.c.obj)
                0x00000000080027b4                sys_clock_tick_get
 .text.boot_banner
                0x00000000080027e4        0xc zephyr/kernel/libkernel.a(banner.c.obj)
                0x00000000080027e4                boot_banner
 .text.__l_vfprintf
                0x00000000080027f0      0x4b8 d:\zephyr_sdk\arm-zephyr-eabi\bin\../lib/gcc/../../picolibc/arm-zephyr-eabi/lib/thumb/v7e-m/nofp\libc.a(libc_tinystdio_vflprintf.c.o)
                0x00000000080027f0                __l_vfprintf
 .text._OffsetAbsSyms
                0x0000000008002ca8        0x2 zephyr/CMakeFiles/offsets.dir/./arch/arm/core/offsets/offsets.c.obj
                0x0000000008002ca8                _OffsetAbsSyms
 .text.chunk_size
                0x0000000008002caa        0xa zephyr/libzephyr.a(heap.c.obj)
 .text.free_list_add
                0x0000000008002cb4       0x4e zephyr/libzephyr.a(heap.c.obj)
 .text.sys_heap_init
                0x0000000008002d02       0x7a zephyr/libzephyr.a(heap.c.obj)
                0x0000000008002d02                sys_heap_init
 .text.arch_printk_char_out
                0x0000000008002d7c        0x4 zephyr/libzephyr.a(printk.c.obj)
                0x0000000008002d7c                arch_printk_char_out
 .text.printk   0x0000000008002d80       0x1a zephyr/libzephyr.a(printk.c.obj)
                0x0000000008002d80                printk
 .text._ConfigAbsSyms
                0x0000000008002d9a        0x2 zephyr/libzephyr.a(configs.c.obj)
                0x0000000008002d9a                _ConfigAbsSyms
 .text.z_arm_fatal_error
                0x0000000008002d9c        0xc zephyr/arch/arch/arm/core/libarch__arm__core.a(fatal.c.obj)
                0x0000000008002d9c                z_arm_fatal_error
 .text.z_do_kernel_oops
                0x0000000008002da8        0x8 zephyr/arch/arch/arm/core/libarch__arm__core.a(fatal.c.obj)
                0x0000000008002da8                z_do_kernel_oops
 .text.z_arm_nmi
                0x0000000008002db0        0xe zephyr/arch/arch/arm/core/libarch__arm__core.a(nmi.c.obj)
                0x0000000008002db0                z_arm_nmi
 .text.z_irq_spurious
                0x0000000008002dbe        0x8 zephyr/arch/arch/arm/core/cortex_m/libarch__arm__core__cortex_m.a(irq_manage.c.obj)
                0x0000000008002dbe                z_irq_spurious
 .text.arch_irq_unlock_outlined
                0x0000000008002dc6        0xe zephyr/arch/arch/arm/core/cortex_m/libarch__arm__core__cortex_m.a(thread.c.obj)
                0x0000000008002dc6                arch_irq_unlock_outlined
 .text.arch_cpu_idle
                0x0000000008002dd4       0x1a zephyr/arch/arch/arm/core/cortex_m/libarch__arm__core__cortex_m.a(cpu_idle.c.obj)
                0x0000000008002dd4                arch_cpu_idle
 .text.size_to_mpu_rasr_size
                0x0000000008002dee       0x20 zephyr/arch/arch/arm/core/mpu/libarch__arm__core__mpu.a(arm_mpu.c.obj)
 .text.picolibc_put
                0x0000000008002e0e        0xa zephyr/lib/libc/picolibc/liblib__libc__picolibc.a(stdio.c.obj)
 .text.stm32_gpio_intc_get_pin_irq_line
                0x0000000008002e18        0x6 zephyr/drivers/interrupt_controller/libdrivers__interrupt_controller.a(intc_exti_stm32.c.obj)
                0x0000000008002e18                stm32_gpio_intc_get_pin_irq_line
 .text.stm32_exti_set_line_src_port
                0x0000000008002e1e       0x3c zephyr/drivers/interrupt_controller/libdrivers__interrupt_controller.a(intc_exti_stm32.c.obj)
                0x0000000008002e1e                stm32_exti_set_line_src_port
 .text.stm32_clock_control_on
                0x0000000008002e5a       0x44 zephyr/drivers/clock_control/libdrivers__clock_control.a(clock_stm32_ll_common.c.obj)
 .text.stm32_clock_control_off
                0x0000000008002e9e       0x2c zephyr/drivers/clock_control/libdrivers__clock_control.a(clock_stm32_ll_common.c.obj)
 .text.enabled_clock
                0x0000000008002eca       0x1e zephyr/drivers/clock_control/libdrivers__clock_control.a(clock_stm32_ll_common.c.obj)
                0x0000000008002eca                enabled_clock
 .text.stm32_clock_control_configure
                0x0000000008002ee8       0x52 zephyr/drivers/clock_control/libdrivers__clock_control.a(clock_stm32_ll_common.c.obj)
 .text.stm32_clock_control_get_status
                0x0000000008002f3a       0x38 zephyr/drivers/clock_control/libdrivers__clock_control.a(clock_stm32_ll_common.c.obj)
 .text.config_regulator_voltage
                0x0000000008002f72        0x2 zephyr/drivers/clock_control/libdrivers__clock_control.a(clock_stm32_ll_common.c.obj)
                0x0000000008002f72                config_regulator_voltage
 .text.gpio_stm32_port_get_raw
                0x0000000008002f74        0xc zephyr/drivers/gpio/libdrivers__gpio.a(gpio_stm32.c.obj)
 .text.gpio_stm32_port_set_masked_raw
                0x0000000008002f80       0x12 zephyr/drivers/gpio/libdrivers__gpio.a(gpio_stm32.c.obj)
 .text.gpio_stm32_port_set_bits_raw
                0x0000000008002f92        0xa zephyr/drivers/gpio/libdrivers__gpio.a(gpio_stm32.c.obj)
 .text.gpio_stm32_port_clear_bits_raw
                0x0000000008002f9c        0xa zephyr/drivers/gpio/libdrivers__gpio.a(gpio_stm32.c.obj)
 .text.gpio_stm32_port_toggle_bits
                0x0000000008002fa6        0xe zephyr/drivers/gpio/libdrivers__gpio.a(gpio_stm32.c.obj)
 .text.gpio_stm32_manage_callback
                0x0000000008002fb4       0x52 zephyr/drivers/gpio/libdrivers__gpio.a(gpio_stm32.c.obj)
 .text.gpio_stm32_configure_raw.isra.0
                0x0000000008003006      0x106 zephyr/drivers/gpio/libdrivers__gpio.a(gpio_stm32.c.obj)
 .text.gpio_stm32_config
                0x000000000800310c       0xd4 zephyr/drivers/gpio/libdrivers__gpio.a(gpio_stm32.c.obj)
 .text.gpio_stm32_isr
                0x00000000080031e0       0x2c zephyr/drivers/gpio/libdrivers__gpio.a(gpio_stm32.c.obj)
 .text.gpio_stm32_configure
                0x000000000800320c       0x2a zephyr/drivers/gpio/libdrivers__gpio.a(gpio_stm32.c.obj)
                0x000000000800320c                gpio_stm32_configure
 .text.pinctrl_lookup_state
                0x0000000008003236       0x26 zephyr/drivers/pinctrl/libdrivers__pinctrl.a(common.c.obj)
                0x0000000008003236                pinctrl_lookup_state
 .text.reset_stm32_status
                0x000000000800325c       0x20 zephyr/drivers/reset/libdrivers__reset.a(reset_stm32.c.obj)
 .text.reset_stm32_line_assert
                0x000000000800327c       0x1c zephyr/drivers/reset/libdrivers__reset.a(reset_stm32.c.obj)
 .text.reset_stm32_line_deassert
                0x0000000008003298       0x1e zephyr/drivers/reset/libdrivers__reset.a(reset_stm32.c.obj)
 .text.reset_stm32_line_toggle
                0x00000000080032b6       0x16 zephyr/drivers/reset/libdrivers__reset.a(reset_stm32.c.obj)
 .text.uart_stm32_ll2cfg_databits
                0x00000000080032cc       0x2a zephyr/drivers/serial/libdrivers__serial.a(uart_stm32.c.obj)
 .text.uart_stm32_err_check
                0x00000000080032f6       0x5a zephyr/drivers/serial/libdrivers__serial.a(uart_stm32.c.obj)
 .text.uart_stm32_poll_out
                0x0000000008003350       0x36 zephyr/drivers/serial/libdrivers__serial.a(uart_stm32.c.obj)
 .text.uart_stm32_poll_in
                0x0000000008003386       0x20 zephyr/drivers/serial/libdrivers__serial.a(uart_stm32.c.obj)
 .text.uart_stm32_config_get
                0x00000000080033a6       0x92 zephyr/drivers/serial/libdrivers__serial.a(uart_stm32.c.obj)
 .text.uart_stm32_parameters_set
                0x0000000008003438      0x136 zephyr/drivers/serial/libdrivers__serial.a(uart_stm32.c.obj)
 .text.z_device_state_init
                0x000000000800356e        0x2 zephyr/kernel/libkernel.a(device.c.obj)
                0x000000000800356e                z_device_state_init
 .text.z_impl_device_is_ready
                0x0000000008003570       0x16 zephyr/kernel/libkernel.a(device.c.obj)
                0x0000000008003570                z_impl_device_is_ready
 .text.arch_system_halt
                0x0000000008003586       0x10 zephyr/kernel/libkernel.a(fatal.c.obj)
                0x0000000008003586                arch_system_halt
 .text.k_sys_fatal_error_handler
                0x0000000008003596        0x6 zephyr/kernel/libkernel.a(fatal.c.obj)
                0x0000000008003596                k_sys_fatal_error_handler
 .text.do_device_init
                0x000000000800359c       0x2e zephyr/kernel/libkernel.a(init.c.obj)
 .text.z_early_memset
                0x00000000080035ca        0x4 zephyr/kernel/libkernel.a(init.c.obj)
                0x00000000080035ca                z_early_memset
 .text.z_early_memcpy
                0x00000000080035ce        0x4 zephyr/kernel/libkernel.a(init.c.obj)
                0x00000000080035ce                z_early_memcpy
 .text.idle     0x00000000080035d2       0x16 zephyr/kernel/libkernel.a(idle.c.obj)
                0x00000000080035d2                idle
 .text.sys_dlist_remove
                0x00000000080035e8       0x10 zephyr/kernel/libkernel.a(sched.c.obj)
 .text.unpend_thread_no_timeout
                0x00000000080035f8       0x14 zephyr/kernel/libkernel.a(sched.c.obj)
 .text.z_ready_thread
                0x000000000800360c       0x1e zephyr/kernel/libkernel.a(sched.c.obj)
                0x000000000800360c                z_ready_thread
 .text.z_sched_wake_thread
                0x000000000800362a       0x3a zephyr/kernel/libkernel.a(sched.c.obj)
                0x000000000800362a                z_sched_wake_thread
 .text.z_thread_timeout
                0x0000000008003664        0x8 zephyr/kernel/libkernel.a(sched.c.obj)
                0x0000000008003664                z_thread_timeout
 .text.z_impl_k_sleep
                0x000000000800366c       0x50 zephyr/kernel/libkernel.a(sched.c.obj)
                0x000000000800366c                z_impl_k_sleep
 .text.next_timeout
                0x00000000080036bc       0x2e zephyr/kernel/libkernel.a(timeout.c.obj)
 .text.z_abort_timeout
                0x00000000080036ea       0x50 zephyr/kernel/libkernel.a(timeout.c.obj)
                0x00000000080036ea                z_abort_timeout
 .text.sys_clock_tick_get_32
                0x000000000800373a        0x8 zephyr/kernel/libkernel.a(timeout.c.obj)
                0x000000000800373a                sys_clock_tick_get_32
 .text.memcpy   0x0000000008003742       0x1c d:\zephyr_sdk\arm-zephyr-eabi\bin\../lib/gcc/../../picolibc/arm-zephyr-eabi/lib/thumb/v7e-m/nofp\libc.a(memcpy.c.o)
                0x0000000008003742                __aeabi_memcpy
                0x0000000008003742                __aeabi_memcpy4
                0x0000000008003742                __aeabi_memcpy8
                0x0000000008003742                memcpy
 .text.memset   0x000000000800375e       0x10 d:\zephyr_sdk\arm-zephyr-eabi\bin\../lib/gcc/../../picolibc/arm-zephyr-eabi/lib/thumb/v7e-m/nofp\libc.a(memset.c.o)
                0x000000000800375e                memset
 .text.strnlen  0x000000000800376e       0x18 d:\zephyr_sdk\arm-zephyr-eabi\bin\../lib/gcc/../../picolibc/arm-zephyr-eabi/lib/thumb/v7e-m/nofp\libc.a(libc_string_strnlen.c.o)
                0x000000000800376e                strnlen
 .text.__ultoa_invert
                0x0000000008003786       0xae d:\zephyr_sdk\arm-zephyr-eabi\bin\../lib/gcc/../../picolibc/arm-zephyr-eabi/lib/thumb/v7e-m/nofp\libc.a(libc_tinystdio_vflprintf.c.o)
 *(SORT_BY_ALIGNMENT(.TEXT.*))
 .TEXT.__aeabi_read_tp
                0x0000000008003834        0xc zephyr/arch/arch/arm/core/cortex_m/libarch__arm__core__cortex_m.a(__aeabi_read_tp.S.obj)
                0x0000000008003834                __aeabi_read_tp
 *(SORT_BY_ALIGNMENT(.gnu.linkonce.t.*))
 *(SORT_BY_ALIGNMENT(.glue_7t))
 .glue_7t       0x0000000008003840        0x0 linker stubs
 *(SORT_BY_ALIGNMENT(.glue_7))
 .glue_7        0x0000000008003840        0x0 linker stubs
 *(SORT_BY_ALIGNMENT(.vfp11_veneer))
 .vfp11_veneer  0x0000000008003840        0x0 linker stubs
 *(SORT_BY_ALIGNMENT(.v4_bx))
 .v4_bx         0x0000000008003840        0x0 linker stubs
                0x0000000008003840                . = ALIGN (0x4)
                0x0000000008003840                __text_region_end = .

.ARM.exidx      0x0000000008003840        0x8
                0x0000000008003840                __exidx_start = .
 *(SORT_BY_ALIGNMENT(.ARM.exidx*) SORT_BY_ALIGNMENT(gnu.linkonce.armexidx.*))
 .ARM.exidx     0x0000000008003840        0x8 d:/zephyr_sdk/arm-zephyr-eabi/bin/../lib/gcc/arm-zephyr-eabi/12.2.0/thumb/v7e-m/nofp\libgcc.a(_udivmoddi4.o)
                0x0000000008003848                __exidx_end = .
                0x0000000008003848                __rodata_region_start = .

initlevel       0x0000000008003848       0x80
                0x0000000008003848                __init_start = .
                0x0000000008003848                __init_EARLY_start = .
 *(SORT_BY_NAME(SORT_BY_ALIGNMENT(.z_init_EARLY_P_?_*)))
 *(SORT_BY_NAME(SORT_BY_ALIGNMENT(.z_init_EARLY_P_??_*)))
 *(SORT_BY_NAME(SORT_BY_ALIGNMENT(.z_init_EARLY_P_???_*)))
                0x0000000008003848                __init_PRE_KERNEL_1_start = .
 *(SORT_BY_NAME(SORT_BY_ALIGNMENT(.z_init_PRE_KERNEL_1_P_?_*)))
 .z_init_PRE_KERNEL_1_P_1_SUB_00009_
                0x0000000008003848        0x8 zephyr/drivers/clock_control/libdrivers__clock_control.a(clock_stm32_ll_common.c.obj)
 .z_init_PRE_KERNEL_1_P_1_SUB_0_
                0x0000000008003850        0x8 zephyr/libzephyr.a(soc_config.c.obj)
 *(SORT_BY_NAME(SORT_BY_ALIGNMENT(.z_init_PRE_KERNEL_1_P_??_*)))
 .z_init_PRE_KERNEL_1_P_35_SUB_00040_
                0x0000000008003858        0x8 zephyr/drivers/reset/libdrivers__reset.a(reset_stm32.c.obj)
 .z_init_PRE_KERNEL_1_P_40_SUB_00034_
                0x0000000008003860        0x8 zephyr/drivers/gpio/libdrivers__gpio.a(gpio_stm32.c.obj)
 .z_init_PRE_KERNEL_1_P_40_SUB_00037_
                0x0000000008003868        0x8 zephyr/drivers/gpio/libdrivers__gpio.a(gpio_stm32.c.obj)
 .z_init_PRE_KERNEL_1_P_40_SUB_00054_
                0x0000000008003870        0x8 zephyr/drivers/interrupt_controller/libdrivers__interrupt_controller.a(intc_exti_stm32.c.obj)
 .z_init_PRE_KERNEL_1_P_40_SUB_00076_
                0x0000000008003878        0x8 zephyr/drivers/gpio/libdrivers__gpio.a(gpio_stm32.c.obj)
 .z_init_PRE_KERNEL_1_P_40_SUB_00097_
                0x0000000008003880        0x8 zephyr/drivers/gpio/libdrivers__gpio.a(gpio_stm32.c.obj)
 .z_init_PRE_KERNEL_1_P_40_SUB_00098_
                0x0000000008003888        0x8 zephyr/drivers/gpio/libdrivers__gpio.a(gpio_stm32.c.obj)
 .z_init_PRE_KERNEL_1_P_40_SUB_00099_
                0x0000000008003890        0x8 zephyr/drivers/gpio/libdrivers__gpio.a(gpio_stm32.c.obj)
 .z_init_PRE_KERNEL_1_P_40_SUB_00100_
                0x0000000008003898        0x8 zephyr/drivers/gpio/libdrivers__gpio.a(gpio_stm32.c.obj)
 .z_init_PRE_KERNEL_1_P_50_SUB_00062_
                0x00000000080038a0        0x8 zephyr/drivers/serial/libdrivers__serial.a(uart_stm32.c.obj)
 .z_init_PRE_KERNEL_1_P_50_SUB_00065_
                0x00000000080038a8        0x8 zephyr/drivers/serial/libdrivers__serial.a(uart_stm32.c.obj)
 .z_init_PRE_KERNEL_1_P_60_SUB_0_
                0x00000000080038b0        0x8 zephyr/drivers/console/libdrivers__console.a(uart_console.c.obj)
 *(SORT_BY_NAME(SORT_BY_ALIGNMENT(.z_init_PRE_KERNEL_1_P_???_*)))
                0x00000000080038b8                __init_PRE_KERNEL_2_start = .
 *(SORT_BY_NAME(SORT_BY_ALIGNMENT(.z_init_PRE_KERNEL_2_P_?_*)))
 .z_init_PRE_KERNEL_2_P_0_SUB_0_
                0x00000000080038b8        0x8 zephyr/drivers/timer/libdrivers__timer.a(cortex_m_systick.c.obj)
 *(SORT_BY_NAME(SORT_BY_ALIGNMENT(.z_init_PRE_KERNEL_2_P_??_*)))
 *(SORT_BY_NAME(SORT_BY_ALIGNMENT(.z_init_PRE_KERNEL_2_P_???_*)))
                0x00000000080038c0                __init_POST_KERNEL_start = .
 *(SORT_BY_NAME(SORT_BY_ALIGNMENT(.z_init_POST_KERNEL_P_?_*)))
 *(SORT_BY_NAME(SORT_BY_ALIGNMENT(.z_init_POST_KERNEL_P_??_*)))
 .z_init_POST_KERNEL_P_35_SUB_0_
                0x00000000080038c0        0x8 zephyr/lib/libc/common/liblib__libc__common.a(malloc.c.obj)
 *(SORT_BY_NAME(SORT_BY_ALIGNMENT(.z_init_POST_KERNEL_P_???_*)))
                0x00000000080038c8                __init_APPLICATION_start = .
 *(SORT_BY_NAME(SORT_BY_ALIGNMENT(.z_init_APPLICATION_P_?_*)))
 *(SORT_BY_NAME(SORT_BY_ALIGNMENT(.z_init_APPLICATION_P_??_*)))
 *(SORT_BY_NAME(SORT_BY_ALIGNMENT(.z_init_APPLICATION_P_???_*)))
                0x00000000080038c8                __init_SMP_start = .
 *(SORT_BY_NAME(SORT_BY_ALIGNMENT(.z_init_SMP_P_?_*)))
 *(SORT_BY_NAME(SORT_BY_ALIGNMENT(.z_init_SMP_P_??_*)))
 *(SORT_BY_NAME(SORT_BY_ALIGNMENT(.z_init_SMP_P_???_*)))
                0x00000000080038c8                __init_end = .

device_area     0x00000000080038c8      0x180
                0x00000000080038c8                _device_list_start = .
 *(SORT_BY_NAME(SORT_BY_ALIGNMENT(._device.static.*_?_*)))
 ._device.static.1_1_
                0x00000000080038c8       0x20 zephyr/drivers/clock_control/libdrivers__clock_control.a(clock_stm32_ll_common.c.obj)
                0x00000000080038c8                __device_dts_ord_9
 *(SORT_BY_NAME(SORT_BY_ALIGNMENT(._device.static.*_??_*)))
 ._device.static.1_35_
                0x00000000080038e8       0x20 zephyr/drivers/reset/libdrivers__reset.a(reset_stm32.c.obj)
                0x00000000080038e8                __device_dts_ord_40
 ._device.static.1_40_
                0x0000000008003908       0x20 zephyr/drivers/interrupt_controller/libdrivers__interrupt_controller.a(intc_exti_stm32.c.obj)
                0x0000000008003908                __device_dts_ord_54
 ._device.static.1_40_
                0x0000000008003928       0xe0 zephyr/drivers/gpio/libdrivers__gpio.a(gpio_stm32.c.obj)
                0x0000000008003928                __device_dts_ord_100
                0x0000000008003948                __device_dts_ord_99
                0x0000000008003968                __device_dts_ord_98
                0x0000000008003988                __device_dts_ord_97
                0x00000000080039a8                __device_dts_ord_34
                0x00000000080039c8                __device_dts_ord_76
                0x00000000080039e8                __device_dts_ord_37
 ._device.static.1_50_
                0x0000000008003a08       0x40 zephyr/drivers/serial/libdrivers__serial.a(uart_stm32.c.obj)
                0x0000000008003a08                __device_dts_ord_62
                0x0000000008003a28                __device_dts_ord_65
 *(SORT_BY_NAME(SORT_BY_ALIGNMENT(._device.static.*_???_*)))
 *(SORT_BY_NAME(SORT_BY_ALIGNMENT(._device.static.*_????_*)))
 *(SORT_BY_NAME(SORT_BY_ALIGNMENT(._device.static.*_?????_*)))
                0x0000000008003a48                _device_list_end = .

sw_isr_table    0x0000000008003a48      0x330
                0x0000000008003a48                . = ALIGN (0x4)
 *(SORT_BY_ALIGNMENT(.gnu.linkonce.sw_isr_table*))
 .gnu.linkonce.sw_isr_table
                0x0000000008003a48      0x330 zephyr/arch/common/libisr_tables.a(isr_tables.c.obj)
                0x0000000008003a48                _sw_isr_table

initlevel_error
                0x0000000008003848        0x0
 *(SORT_BY_NAME(SORT_BY_ALIGNMENT(.z_init_*)))
                0x0000000000000001                ASSERT ((SIZEOF (initlevel_error) == 0x0), Undefined initialization levels used.)

app_shmem_regions
                0x0000000008003d78        0x0
                0x0000000008003d78                __app_shmem_regions_start = .
 *(SORT_BY_NAME(SORT_BY_ALIGNMENT(.app_regions.*)))
                0x0000000008003d78                __app_shmem_regions_end = .

k_p4wq_initparam_area
                0x0000000008003d78        0x0
                0x0000000008003d78                _k_p4wq_initparam_list_start = .
 *(SORT_BY_NAME(SORT_BY_ALIGNMENT(._k_p4wq_initparam.static.*)))
                0x0000000008003d78                _k_p4wq_initparam_list_end = .

_static_thread_data_area
                0x0000000008003d78        0x0
                0x0000000008003d78                __static_thread_data_list_start = .
 *(SORT_BY_NAME(SORT_BY_ALIGNMENT(.__static_thread_data.static.*)))
                0x0000000008003d78                __static_thread_data_list_end = .

device_deps     0x0000000008003d78        0x0
                0x0000000008003d78                __device_deps_start = .
 *(SORT_BY_NAME(SORT_BY_ALIGNMENT(.__device_deps_pass2*)))
                0x0000000008003d78                __device_deps_end = .

gpio_driver_api_area
                0x0000000008003d78       0x24
                0x0000000008003d78                _gpio_driver_api_list_start = .
 *(SORT_BY_NAME(SORT_BY_ALIGNMENT(._gpio_driver_api.static.*)))
 ._gpio_driver_api.static.gpio_stm32_driver_
                0x0000000008003d78       0x24 zephyr/drivers/gpio/libdrivers__gpio.a(gpio_stm32.c.obj)
                0x0000000008003d9c                _gpio_driver_api_list_end = .

reset_driver_api_area
                0x0000000008003d9c       0x10
                0x0000000008003d9c                _reset_driver_api_list_start = .
 *(SORT_BY_NAME(SORT_BY_ALIGNMENT(._reset_driver_api.static.*)))
 ._reset_driver_api.static.reset_stm32_driver_api_
                0x0000000008003d9c       0x10 zephyr/drivers/reset/libdrivers__reset.a(reset_stm32.c.obj)
                0x0000000008003dac                _reset_driver_api_list_end = .

shared_irq_driver_api_area
                0x0000000008003dac        0x0
                0x0000000008003dac                _shared_irq_driver_api_list_start = .
 *(SORT_BY_NAME(SORT_BY_ALIGNMENT(._shared_irq_driver_api.static.*)))
                0x0000000008003dac                _shared_irq_driver_api_list_end = .

crypto_driver_api_area
                0x0000000008003dac        0x0
                0x0000000008003dac                _crypto_driver_api_list_start = .
 *(SORT_BY_NAME(SORT_BY_ALIGNMENT(._crypto_driver_api.static.*)))
                0x0000000008003dac                _crypto_driver_api_list_end = .

adc_driver_api_area
                0x0000000008003dac        0x0
                0x0000000008003dac                _adc_driver_api_list_start = .
 *(SORT_BY_NAME(SORT_BY_ALIGNMENT(._adc_driver_api.static.*)))
                0x0000000008003dac                _adc_driver_api_list_end = .

auxdisplay_driver_api_area
                0x0000000008003dac        0x0
                0x0000000008003dac                _auxdisplay_driver_api_list_start = .
 *(SORT_BY_NAME(SORT_BY_ALIGNMENT(._auxdisplay_driver_api.static.*)))
                0x0000000008003dac                _auxdisplay_driver_api_list_end = .

bbram_driver_api_area
                0x0000000008003dac        0x0
                0x0000000008003dac                _bbram_driver_api_list_start = .
 *(SORT_BY_NAME(SORT_BY_ALIGNMENT(._bbram_driver_api.static.*)))
                0x0000000008003dac                _bbram_driver_api_list_end = .

bt_hci_driver_api_area
                0x0000000008003dac        0x0
                0x0000000008003dac                _bt_hci_driver_api_list_start = .
 *(SORT_BY_NAME(SORT_BY_ALIGNMENT(._bt_hci_driver_api.static.*)))
                0x0000000008003dac                _bt_hci_driver_api_list_end = .

can_driver_api_area
                0x0000000008003dac        0x0
                0x0000000008003dac                _can_driver_api_list_start = .
 *(SORT_BY_NAME(SORT_BY_ALIGNMENT(._can_driver_api.static.*)))
                0x0000000008003dac                _can_driver_api_list_end = .

cellular_driver_api_area
                0x0000000008003dac        0x0
                0x0000000008003dac                _cellular_driver_api_list_start = .
 *(SORT_BY_NAME(SORT_BY_ALIGNMENT(._cellular_driver_api.static.*)))
                0x0000000008003dac                _cellular_driver_api_list_end = .

charger_driver_api_area
                0x0000000008003dac        0x0
                0x0000000008003dac                _charger_driver_api_list_start = .
 *(SORT_BY_NAME(SORT_BY_ALIGNMENT(._charger_driver_api.static.*)))
                0x0000000008003dac                _charger_driver_api_list_end = .

clock_control_driver_api_area
                0x0000000008003dac       0x1c
                0x0000000008003dac                _clock_control_driver_api_list_start = .
 *(SORT_BY_NAME(SORT_BY_ALIGNMENT(._clock_control_driver_api.static.*)))
 ._clock_control_driver_api.static.stm32_clock_control_api_
                0x0000000008003dac       0x1c zephyr/drivers/clock_control/libdrivers__clock_control.a(clock_stm32_ll_common.c.obj)
                0x0000000008003dc8                _clock_control_driver_api_list_end = .

comparator_driver_api_area
                0x0000000008003dc8        0x0
                0x0000000008003dc8                _comparator_driver_api_list_start = .
 *(SORT_BY_NAME(SORT_BY_ALIGNMENT(._comparator_driver_api.static.*)))
                0x0000000008003dc8                _comparator_driver_api_list_end = .

coredump_driver_api_area
                0x0000000008003dc8        0x0
                0x0000000008003dc8                _coredump_driver_api_list_start = .
 *(SORT_BY_NAME(SORT_BY_ALIGNMENT(._coredump_driver_api.static.*)))
                0x0000000008003dc8                _coredump_driver_api_list_end = .

counter_driver_api_area
                0x0000000008003dc8        0x0
                0x0000000008003dc8                _counter_driver_api_list_start = .
 *(SORT_BY_NAME(SORT_BY_ALIGNMENT(._counter_driver_api.static.*)))
                0x0000000008003dc8                _counter_driver_api_list_end = .

dac_driver_api_area
                0x0000000008003dc8        0x0
                0x0000000008003dc8                _dac_driver_api_list_start = .
 *(SORT_BY_NAME(SORT_BY_ALIGNMENT(._dac_driver_api.static.*)))
                0x0000000008003dc8                _dac_driver_api_list_end = .

dai_driver_api_area
                0x0000000008003dc8        0x0
                0x0000000008003dc8                _dai_driver_api_list_start = .
 *(SORT_BY_NAME(SORT_BY_ALIGNMENT(._dai_driver_api.static.*)))
                0x0000000008003dc8                _dai_driver_api_list_end = .

display_driver_api_area
                0x0000000008003dc8        0x0
                0x0000000008003dc8                _display_driver_api_list_start = .
 *(SORT_BY_NAME(SORT_BY_ALIGNMENT(._display_driver_api.static.*)))
                0x0000000008003dc8                _display_driver_api_list_end = .

dma_driver_api_area
                0x0000000008003dc8        0x0
                0x0000000008003dc8                _dma_driver_api_list_start = .
 *(SORT_BY_NAME(SORT_BY_ALIGNMENT(._dma_driver_api.static.*)))
                0x0000000008003dc8                _dma_driver_api_list_end = .

edac_driver_api_area
                0x0000000008003dc8        0x0
                0x0000000008003dc8                _edac_driver_api_list_start = .
 *(SORT_BY_NAME(SORT_BY_ALIGNMENT(._edac_driver_api.static.*)))
                0x0000000008003dc8                _edac_driver_api_list_end = .

eeprom_driver_api_area
                0x0000000008003dc8        0x0
                0x0000000008003dc8                _eeprom_driver_api_list_start = .
 *(SORT_BY_NAME(SORT_BY_ALIGNMENT(._eeprom_driver_api.static.*)))
                0x0000000008003dc8                _eeprom_driver_api_list_end = .

emul_bbram_driver_api_area
                0x0000000008003dc8        0x0
                0x0000000008003dc8                _emul_bbram_driver_api_list_start = .
 *(SORT_BY_NAME(SORT_BY_ALIGNMENT(._emul_bbram_driver_api.static.*)))
                0x0000000008003dc8                _emul_bbram_driver_api_list_end = .

fuel_gauge_emul_driver_api_area
                0x0000000008003dc8        0x0
                0x0000000008003dc8                _fuel_gauge_emul_driver_api_list_start = .
 *(SORT_BY_NAME(SORT_BY_ALIGNMENT(._fuel_gauge_emul_driver_api.static.*)))
                0x0000000008003dc8                _fuel_gauge_emul_driver_api_list_end = .

emul_sensor_driver_api_area
                0x0000000008003dc8        0x0
                0x0000000008003dc8                _emul_sensor_driver_api_list_start = .
 *(SORT_BY_NAME(SORT_BY_ALIGNMENT(._emul_sensor_driver_api.static.*)))
                0x0000000008003dc8                _emul_sensor_driver_api_list_end = .

entropy_driver_api_area
                0x0000000008003dc8        0x0
                0x0000000008003dc8                _entropy_driver_api_list_start = .
 *(SORT_BY_NAME(SORT_BY_ALIGNMENT(._entropy_driver_api.static.*)))
                0x0000000008003dc8                _entropy_driver_api_list_end = .

espi_driver_api_area
                0x0000000008003dc8        0x0
                0x0000000008003dc8                _espi_driver_api_list_start = .
 *(SORT_BY_NAME(SORT_BY_ALIGNMENT(._espi_driver_api.static.*)))
                0x0000000008003dc8                _espi_driver_api_list_end = .

espi_saf_driver_api_area
                0x0000000008003dc8        0x0
                0x0000000008003dc8                _espi_saf_driver_api_list_start = .
 *(SORT_BY_NAME(SORT_BY_ALIGNMENT(._espi_saf_driver_api.static.*)))
                0x0000000008003dc8                _espi_saf_driver_api_list_end = .

flash_driver_api_area
                0x0000000008003dc8        0x0
                0x0000000008003dc8                _flash_driver_api_list_start = .
 *(SORT_BY_NAME(SORT_BY_ALIGNMENT(._flash_driver_api.static.*)))
                0x0000000008003dc8                _flash_driver_api_list_end = .

fpga_driver_api_area
                0x0000000008003dc8        0x0
                0x0000000008003dc8                _fpga_driver_api_list_start = .
 *(SORT_BY_NAME(SORT_BY_ALIGNMENT(._fpga_driver_api.static.*)))
                0x0000000008003dc8                _fpga_driver_api_list_end = .

fuel_gauge_driver_api_area
                0x0000000008003dc8        0x0
                0x0000000008003dc8                _fuel_gauge_driver_api_list_start = .
 *(SORT_BY_NAME(SORT_BY_ALIGNMENT(._fuel_gauge_driver_api.static.*)))
                0x0000000008003dc8                _fuel_gauge_driver_api_list_end = .

gnss_driver_api_area
                0x0000000008003dc8        0x0
                0x0000000008003dc8                _gnss_driver_api_list_start = .
 *(SORT_BY_NAME(SORT_BY_ALIGNMENT(._gnss_driver_api.static.*)))
                0x0000000008003dc8                _gnss_driver_api_list_end = .

haptics_driver_api_area
                0x0000000008003dc8        0x0
                0x0000000008003dc8                _haptics_driver_api_list_start = .
 *(SORT_BY_NAME(SORT_BY_ALIGNMENT(._haptics_driver_api.static.*)))
                0x0000000008003dc8                _haptics_driver_api_list_end = .

hwspinlock_driver_api_area
                0x0000000008003dc8        0x0
                0x0000000008003dc8                _hwspinlock_driver_api_list_start = .
 *(SORT_BY_NAME(SORT_BY_ALIGNMENT(._hwspinlock_driver_api.static.*)))
                0x0000000008003dc8                _hwspinlock_driver_api_list_end = .

i2c_driver_api_area
                0x0000000008003dc8        0x0
                0x0000000008003dc8                _i2c_driver_api_list_start = .
 *(SORT_BY_NAME(SORT_BY_ALIGNMENT(._i2c_driver_api.static.*)))
                0x0000000008003dc8                _i2c_driver_api_list_end = .

i2c_target_driver_api_area
                0x0000000008003dc8        0x0
                0x0000000008003dc8                _i2c_target_driver_api_list_start = .
 *(SORT_BY_NAME(SORT_BY_ALIGNMENT(._i2c_target_driver_api.static.*)))
                0x0000000008003dc8                _i2c_target_driver_api_list_end = .

i2s_driver_api_area
                0x0000000008003dc8        0x0
                0x0000000008003dc8                _i2s_driver_api_list_start = .
 *(SORT_BY_NAME(SORT_BY_ALIGNMENT(._i2s_driver_api.static.*)))
                0x0000000008003dc8                _i2s_driver_api_list_end = .

i3c_driver_api_area
                0x0000000008003dc8        0x0
                0x0000000008003dc8                _i3c_driver_api_list_start = .
 *(SORT_BY_NAME(SORT_BY_ALIGNMENT(._i3c_driver_api.static.*)))
                0x0000000008003dc8                _i3c_driver_api_list_end = .

ipm_driver_api_area
                0x0000000008003dc8        0x0
                0x0000000008003dc8                _ipm_driver_api_list_start = .
 *(SORT_BY_NAME(SORT_BY_ALIGNMENT(._ipm_driver_api.static.*)))
                0x0000000008003dc8                _ipm_driver_api_list_end = .

led_driver_api_area
                0x0000000008003dc8        0x0
                0x0000000008003dc8                _led_driver_api_list_start = .
 *(SORT_BY_NAME(SORT_BY_ALIGNMENT(._led_driver_api.static.*)))
                0x0000000008003dc8                _led_driver_api_list_end = .

led_strip_driver_api_area
                0x0000000008003dc8        0x0
                0x0000000008003dc8                _led_strip_driver_api_list_start = .
 *(SORT_BY_NAME(SORT_BY_ALIGNMENT(._led_strip_driver_api.static.*)))
                0x0000000008003dc8                _led_strip_driver_api_list_end = .

lora_driver_api_area
                0x0000000008003dc8        0x0
                0x0000000008003dc8                _lora_driver_api_list_start = .
 *(SORT_BY_NAME(SORT_BY_ALIGNMENT(._lora_driver_api.static.*)))
                0x0000000008003dc8                _lora_driver_api_list_end = .

mbox_driver_api_area
                0x0000000008003dc8        0x0
                0x0000000008003dc8                _mbox_driver_api_list_start = .
 *(SORT_BY_NAME(SORT_BY_ALIGNMENT(._mbox_driver_api.static.*)))
                0x0000000008003dc8                _mbox_driver_api_list_end = .

mdio_driver_api_area
                0x0000000008003dc8        0x0
                0x0000000008003dc8                _mdio_driver_api_list_start = .
 *(SORT_BY_NAME(SORT_BY_ALIGNMENT(._mdio_driver_api.static.*)))
                0x0000000008003dc8                _mdio_driver_api_list_end = .

mipi_dbi_driver_api_area
                0x0000000008003dc8        0x0
                0x0000000008003dc8                _mipi_dbi_driver_api_list_start = .
 *(SORT_BY_NAME(SORT_BY_ALIGNMENT(._mipi_dbi_driver_api.static.*)))
                0x0000000008003dc8                _mipi_dbi_driver_api_list_end = .

mipi_dsi_driver_api_area
                0x0000000008003dc8        0x0
                0x0000000008003dc8                _mipi_dsi_driver_api_list_start = .
 *(SORT_BY_NAME(SORT_BY_ALIGNMENT(._mipi_dsi_driver_api.static.*)))
                0x0000000008003dc8                _mipi_dsi_driver_api_list_end = .

mspi_driver_api_area
                0x0000000008003dc8        0x0
                0x0000000008003dc8                _mspi_driver_api_list_start = .
 *(SORT_BY_NAME(SORT_BY_ALIGNMENT(._mspi_driver_api.static.*)))
                0x0000000008003dc8                _mspi_driver_api_list_end = .

peci_driver_api_area
                0x0000000008003dc8        0x0
                0x0000000008003dc8                _peci_driver_api_list_start = .
 *(SORT_BY_NAME(SORT_BY_ALIGNMENT(._peci_driver_api.static.*)))
                0x0000000008003dc8                _peci_driver_api_list_end = .

ps2_driver_api_area
                0x0000000008003dc8        0x0
                0x0000000008003dc8                _ps2_driver_api_list_start = .
 *(SORT_BY_NAME(SORT_BY_ALIGNMENT(._ps2_driver_api.static.*)))
                0x0000000008003dc8                _ps2_driver_api_list_end = .

ptp_clock_driver_api_area
                0x0000000008003dc8        0x0
                0x0000000008003dc8                _ptp_clock_driver_api_list_start = .
 *(SORT_BY_NAME(SORT_BY_ALIGNMENT(._ptp_clock_driver_api.static.*)))
                0x0000000008003dc8                _ptp_clock_driver_api_list_end = .

pwm_driver_api_area
                0x0000000008003dc8        0x0
                0x0000000008003dc8                _pwm_driver_api_list_start = .
 *(SORT_BY_NAME(SORT_BY_ALIGNMENT(._pwm_driver_api.static.*)))
                0x0000000008003dc8                _pwm_driver_api_list_end = .

regulator_parent_driver_api_area
                0x0000000008003dc8        0x0
                0x0000000008003dc8                _regulator_parent_driver_api_list_start = .
 *(SORT_BY_NAME(SORT_BY_ALIGNMENT(._regulator_parent_driver_api.static.*)))
                0x0000000008003dc8                _regulator_parent_driver_api_list_end = .

regulator_driver_api_area
                0x0000000008003dc8        0x0
                0x0000000008003dc8                _regulator_driver_api_list_start = .
 *(SORT_BY_NAME(SORT_BY_ALIGNMENT(._regulator_driver_api.static.*)))
                0x0000000008003dc8                _regulator_driver_api_list_end = .

retained_mem_driver_api_area
                0x0000000008003dc8        0x0
                0x0000000008003dc8                _retained_mem_driver_api_list_start = .
 *(SORT_BY_NAME(SORT_BY_ALIGNMENT(._retained_mem_driver_api.static.*)))
                0x0000000008003dc8                _retained_mem_driver_api_list_end = .

rtc_driver_api_area
                0x0000000008003dc8        0x0
                0x0000000008003dc8                _rtc_driver_api_list_start = .
 *(SORT_BY_NAME(SORT_BY_ALIGNMENT(._rtc_driver_api.static.*)))
                0x0000000008003dc8                _rtc_driver_api_list_end = .

sdhc_driver_api_area
                0x0000000008003dc8        0x0
                0x0000000008003dc8                _sdhc_driver_api_list_start = .
 *(SORT_BY_NAME(SORT_BY_ALIGNMENT(._sdhc_driver_api.static.*)))
                0x0000000008003dc8                _sdhc_driver_api_list_end = .

sensor_driver_api_area
                0x0000000008003dc8        0x0
                0x0000000008003dc8                _sensor_driver_api_list_start = .
 *(SORT_BY_NAME(SORT_BY_ALIGNMENT(._sensor_driver_api.static.*)))
                0x0000000008003dc8                _sensor_driver_api_list_end = .

smbus_driver_api_area
                0x0000000008003dc8        0x0
                0x0000000008003dc8                _smbus_driver_api_list_start = .
 *(SORT_BY_NAME(SORT_BY_ALIGNMENT(._smbus_driver_api.static.*)))
                0x0000000008003dc8                _smbus_driver_api_list_end = .

spi_driver_api_area
                0x0000000008003dc8        0x0
                0x0000000008003dc8                _spi_driver_api_list_start = .
 *(SORT_BY_NAME(SORT_BY_ALIGNMENT(._spi_driver_api.static.*)))
                0x0000000008003dc8                _spi_driver_api_list_end = .

stepper_driver_api_area
                0x0000000008003dc8        0x0
                0x0000000008003dc8                _stepper_driver_api_list_start = .
 *(SORT_BY_NAME(SORT_BY_ALIGNMENT(._stepper_driver_api.static.*)))
                0x0000000008003dc8                _stepper_driver_api_list_end = .

syscon_driver_api_area
                0x0000000008003dc8        0x0
                0x0000000008003dc8                _syscon_driver_api_list_start = .
 *(SORT_BY_NAME(SORT_BY_ALIGNMENT(._syscon_driver_api.static.*)))
                0x0000000008003dc8                _syscon_driver_api_list_end = .

tee_driver_api_area
                0x0000000008003dc8        0x0
                0x0000000008003dc8                _tee_driver_api_list_start = .
 *(SORT_BY_NAME(SORT_BY_ALIGNMENT(._tee_driver_api.static.*)))
                0x0000000008003dc8                _tee_driver_api_list_end = .

video_driver_api_area
                0x0000000008003dc8        0x0
                0x0000000008003dc8                _video_driver_api_list_start = .
 *(SORT_BY_NAME(SORT_BY_ALIGNMENT(._video_driver_api.static.*)))
                0x0000000008003dc8                _video_driver_api_list_end = .

w1_driver_api_area
                0x0000000008003dc8        0x0
                0x0000000008003dc8                _w1_driver_api_list_start = .
 *(SORT_BY_NAME(SORT_BY_ALIGNMENT(._w1_driver_api.static.*)))
                0x0000000008003dc8                _w1_driver_api_list_end = .

wdt_driver_api_area
                0x0000000008003dc8        0x0
                0x0000000008003dc8                _wdt_driver_api_list_start = .
 *(SORT_BY_NAME(SORT_BY_ALIGNMENT(._wdt_driver_api.static.*)))
                0x0000000008003dc8                _wdt_driver_api_list_end = .

can_transceiver_driver_api_area
                0x0000000008003dc8        0x0
                0x0000000008003dc8                _can_transceiver_driver_api_list_start = .
 *(SORT_BY_NAME(SORT_BY_ALIGNMENT(._can_transceiver_driver_api.static.*)))
                0x0000000008003dc8                _can_transceiver_driver_api_list_end = .

nrf_clock_control_driver_api_area
                0x0000000008003dc8        0x0
                0x0000000008003dc8                _nrf_clock_control_driver_api_list_start = .
 *(SORT_BY_NAME(SORT_BY_ALIGNMENT(._nrf_clock_control_driver_api.static.*)))
                0x0000000008003dc8                _nrf_clock_control_driver_api_list_end = .

i3c_target_driver_api_area
                0x0000000008003dc8        0x0
                0x0000000008003dc8                _i3c_target_driver_api_list_start = .
 *(SORT_BY_NAME(SORT_BY_ALIGNMENT(._i3c_target_driver_api.static.*)))
                0x0000000008003dc8                _i3c_target_driver_api_list_end = .

its_driver_api_area
                0x0000000008003dc8        0x0
                0x0000000008003dc8                _its_driver_api_list_start = .
 *(SORT_BY_NAME(SORT_BY_ALIGNMENT(._its_driver_api.static.*)))
                0x0000000008003dc8                _its_driver_api_list_end = .

vtd_driver_api_area
                0x0000000008003dc8        0x0
                0x0000000008003dc8                _vtd_driver_api_list_start = .
 *(SORT_BY_NAME(SORT_BY_ALIGNMENT(._vtd_driver_api.static.*)))
                0x0000000008003dc8                _vtd_driver_api_list_end = .

renesas_elc_driver_api_area
                0x0000000008003dc8        0x0
                0x0000000008003dc8                _renesas_elc_driver_api_list_start = .
 *(SORT_BY_NAME(SORT_BY_ALIGNMENT(._renesas_elc_driver_api.static.*)))
                0x0000000008003dc8                _renesas_elc_driver_api_list_end = .

tgpio_driver_api_area
                0x0000000008003dc8        0x0
                0x0000000008003dc8                _tgpio_driver_api_list_start = .
 *(SORT_BY_NAME(SORT_BY_ALIGNMENT(._tgpio_driver_api.static.*)))
                0x0000000008003dc8                _tgpio_driver_api_list_end = .

pcie_ctrl_driver_api_area
                0x0000000008003dc8        0x0
                0x0000000008003dc8                _pcie_ctrl_driver_api_list_start = .
 *(SORT_BY_NAME(SORT_BY_ALIGNMENT(._pcie_ctrl_driver_api.static.*)))
                0x0000000008003dc8                _pcie_ctrl_driver_api_list_end = .

pcie_ep_driver_api_area
                0x0000000008003dc8        0x0
                0x0000000008003dc8                _pcie_ep_driver_api_list_start = .
 *(SORT_BY_NAME(SORT_BY_ALIGNMENT(._pcie_ep_driver_api.static.*)))
                0x0000000008003dc8                _pcie_ep_driver_api_list_end = .

svc_driver_api_area
                0x0000000008003dc8        0x0
                0x0000000008003dc8                _svc_driver_api_list_start = .
 *(SORT_BY_NAME(SORT_BY_ALIGNMENT(._svc_driver_api.static.*)))
                0x0000000008003dc8                _svc_driver_api_list_end = .

uart_driver_api_area
                0x0000000008003dc8       0x14
                0x0000000008003dc8                _uart_driver_api_list_start = .
 *(SORT_BY_NAME(SORT_BY_ALIGNMENT(._uart_driver_api.static.*)))
 ._uart_driver_api.static.uart_stm32_driver_api_
                0x0000000008003dc8       0x14 zephyr/drivers/serial/libdrivers__serial.a(uart_stm32.c.obj)
                0x0000000008003ddc                _uart_driver_api_list_end = .

bc12_emul_driver_api_area
                0x0000000008003ddc        0x0
                0x0000000008003ddc                _bc12_emul_driver_api_list_start = .
 *(SORT_BY_NAME(SORT_BY_ALIGNMENT(._bc12_emul_driver_api.static.*)))
                0x0000000008003ddc                _bc12_emul_driver_api_list_end = .

bc12_driver_api_area
                0x0000000008003ddc        0x0
                0x0000000008003ddc                _bc12_driver_api_list_start = .
 *(SORT_BY_NAME(SORT_BY_ALIGNMENT(._bc12_driver_api.static.*)))
                0x0000000008003ddc                _bc12_driver_api_list_end = .

usbc_ppc_driver_api_area
                0x0000000008003ddc        0x0
                0x0000000008003ddc                _usbc_ppc_driver_api_list_start = .
 *(SORT_BY_NAME(SORT_BY_ALIGNMENT(._usbc_ppc_driver_api.static.*)))
                0x0000000008003ddc                _usbc_ppc_driver_api_list_end = .

tcpc_driver_api_area
                0x0000000008003ddc        0x0
                0x0000000008003ddc                _tcpc_driver_api_list_start = .
 *(SORT_BY_NAME(SORT_BY_ALIGNMENT(._tcpc_driver_api.static.*)))
                0x0000000008003ddc                _tcpc_driver_api_list_end = .

usbc_vbus_driver_api_area
                0x0000000008003ddc        0x0
                0x0000000008003ddc                _usbc_vbus_driver_api_list_start = .
 *(SORT_BY_NAME(SORT_BY_ALIGNMENT(._usbc_vbus_driver_api.static.*)))
                0x0000000008003ddc                _usbc_vbus_driver_api_list_end = .

ivshmem_driver_api_area
                0x0000000008003ddc        0x0
                0x0000000008003ddc                _ivshmem_driver_api_list_start = .
 *(SORT_BY_NAME(SORT_BY_ALIGNMENT(._ivshmem_driver_api.static.*)))
                0x0000000008003ddc                _ivshmem_driver_api_list_end = .

ethphy_driver_api_area
                0x0000000008003ddc        0x0
                0x0000000008003ddc                _ethphy_driver_api_list_start = .
 *(SORT_BY_NAME(SORT_BY_ALIGNMENT(._ethphy_driver_api.static.*)))
                0x0000000008003ddc                _ethphy_driver_api_list_end = .

virtio_driver_api_area
                0x0000000008003ddc        0x0
                0x0000000008003ddc                _virtio_driver_api_list_start = .
 *(SORT_BY_NAME(SORT_BY_ALIGNMENT(._virtio_driver_api.static.*)))
                0x0000000008003ddc                _virtio_driver_api_list_end = .

ztest           0x0000000008003ddc        0x0
                0x0000000008003ddc                _ztest_expected_result_entry_list_start = .
 *(SORT_BY_NAME(SORT_BY_ALIGNMENT(._ztest_expected_result_entry.static.*)))
                0x0000000008003ddc                _ztest_expected_result_entry_list_end = .
                0x0000000008003ddc                _ztest_suite_node_list_start = .
 *(SORT_BY_NAME(SORT_BY_ALIGNMENT(._ztest_suite_node.static.*)))
                0x0000000008003ddc                _ztest_suite_node_list_end = .
                0x0000000008003ddc                _ztest_unit_test_list_start = .
 *(SORT_BY_NAME(SORT_BY_ALIGNMENT(._ztest_unit_test.static.*)))
                0x0000000008003ddc                _ztest_unit_test_list_end = .
                0x0000000008003ddc                _ztest_test_rule_list_start = .
 *(SORT_BY_NAME(SORT_BY_ALIGNMENT(._ztest_test_rule.static.*)))
                0x0000000008003ddc                _ztest_test_rule_list_end = .

init_array      0x0000000008003ddc        0x0
                0x0000000008003ddc                __zephyr_init_array_start = .
 *(SORT_BY_INIT_PRIORITY(.init_array.*) SORT_BY_INIT_PRIORITY(.ctors.*))
 *(SORT_BY_ALIGNMENT(.init_array) SORT_BY_ALIGNMENT(.ctors))
                0x0000000008003ddc                __zephyr_init_array_end = .
                0x0000000000000001                ASSERT ((__zephyr_init_array_start == __zephyr_init_array_end), GNU-style constructors required but STATIC_INIT_GNU not enabled)

bt_l2cap_fixed_chan_area
                0x0000000008003ddc        0x0
                0x0000000008003ddc                _bt_l2cap_fixed_chan_list_start = .
 *(SORT_BY_NAME(SORT_BY_ALIGNMENT(._bt_l2cap_fixed_chan.static.*)))
                0x0000000008003ddc                _bt_l2cap_fixed_chan_list_end = .

bt_gatt_service_static_area
                0x0000000008003ddc        0x0
                0x0000000008003ddc                _bt_gatt_service_static_list_start = .
 *(SORT_BY_NAME(SORT_BY_ALIGNMENT(._bt_gatt_service_static.static.*)))
                0x0000000008003ddc                _bt_gatt_service_static_list_end = .

log_strings_area
                0x0000000008003ddc        0x0
                0x0000000008003ddc                _log_strings_list_start = .
 *(SORT_BY_NAME(SORT_BY_ALIGNMENT(._log_strings.static.*)))
                0x0000000008003ddc                _log_strings_list_end = .

log_stmesp_ptr_area
                0x0000000008003ddc        0x0
                0x0000000008003ddc                _log_stmesp_ptr_list_start = .
 *(SORT_BY_NAME(SORT_BY_ALIGNMENT(._log_stmesp_ptr.static.*)))
                0x0000000008003ddc                _log_stmesp_ptr_list_end = .

log_stmesp_str_area
                0x0000000008003ddc        0x0
                0x0000000008003ddc                _log_stmesp_str_list_start = .
 *(SORT_BY_NAME(SORT_BY_ALIGNMENT(._log_stmesp_str.static.*)))
                0x0000000008003ddc                _log_stmesp_str_list_end = .

log_const_area  0x0000000008003ddc        0x0
                0x0000000008003ddc                _log_const_list_start = .
 *(SORT_BY_NAME(SORT_BY_ALIGNMENT(._log_const.static.*)))
                0x0000000008003ddc                _log_const_list_end = .

log_backend_area
                0x0000000008003ddc        0x0
                0x0000000008003ddc                _log_backend_list_start = .
 *(SORT_BY_NAME(SORT_BY_ALIGNMENT(._log_backend.static.*)))
                0x0000000008003ddc                _log_backend_list_end = .

log_link_area   0x0000000008003ddc        0x0
                0x0000000008003ddc                _log_link_list_start = .
 *(SORT_BY_NAME(SORT_BY_ALIGNMENT(._log_link.static.*)))
                0x0000000008003ddc                _log_link_list_end = .

tracing_backend_area
                0x0000000008003ddc        0x0
                0x0000000008003ddc                _tracing_backend_list_start = .
 *(SORT_BY_NAME(SORT_BY_ALIGNMENT(._tracing_backend.static.*)))
                0x0000000008003ddc                _tracing_backend_list_end = .

zephyr_dbg_info
 *(SORT_BY_ALIGNMENT(.dbg_thread_info))

intc_table_area
                0x0000000008003ddc        0x0
                0x0000000008003ddc                _intc_table_list_start = .
 *(SORT_BY_NAME(SORT_BY_ALIGNMENT(._intc_table.static.*)))
                0x0000000008003ddc                _intc_table_list_end = .

symbol_to_keep  0x0000000008003ddc        0x0
                0x0000000008003ddc                __symbol_to_keep_start = .
 *(SORT_BY_NAME(SORT_BY_ALIGNMENT(.symbol_to_keep*)))
                0x0000000008003ddc                __symbol_to_keep_end = .

shell_area      0x0000000008003ddc        0x0
                0x0000000008003ddc                _shell_list_start = .
 *(SORT_BY_NAME(SORT_BY_ALIGNMENT(._shell.static.*)))
                0x0000000008003ddc                _shell_list_end = .

shell_root_cmds_area
                0x0000000008003ddc        0x0
                0x0000000008003ddc                _shell_root_cmds_list_start = .
 *(SORT_BY_NAME(SORT_BY_ALIGNMENT(._shell_root_cmds.static.*)))
                0x0000000008003ddc                _shell_root_cmds_list_end = .

shell_subcmds_area
                0x0000000008003ddc        0x0
                0x0000000008003ddc                _shell_subcmds_list_start = .
 *(SORT_BY_NAME(SORT_BY_ALIGNMENT(._shell_subcmds.static.*)))
                0x0000000008003ddc                _shell_subcmds_list_end = .

shell_dynamic_subcmds_area
                0x0000000008003ddc        0x0
                0x0000000008003ddc                _shell_dynamic_subcmds_list_start = .
 *(SORT_BY_NAME(SORT_BY_ALIGNMENT(._shell_dynamic_subcmds.static.*)))
                0x0000000008003ddc                _shell_dynamic_subcmds_list_end = .

cfb_font_area   0x0000000008003ddc        0x0
                0x0000000008003ddc                _cfb_font_list_start = .
 *(SORT_BY_NAME(SORT_BY_ALIGNMENT(._cfb_font.static.*)))
                0x0000000008003ddc                _cfb_font_list_end = .

tdata           0x0000000008003ddc        0x0
 *(SORT_BY_ALIGNMENT(.tdata) SORT_BY_ALIGNMENT(.tdata.*) SORT_BY_ALIGNMENT(.gnu.linkonce.td.*))

tbss            0x0000000008003ddc        0x4
 *(SORT_BY_ALIGNMENT(.tbss) SORT_BY_ALIGNMENT(.tbss.*) SORT_BY_ALIGNMENT(.gnu.linkonce.tb.*) SORT_BY_ALIGNMENT(.tcommon))
 .tbss.z_tls_current
                0x0000000008003ddc        0x4 zephyr/libzephyr.a(thread_entry.c.obj)
                0x0000000008003ddc                z_tls_current
                0x0000000008003ddc                PROVIDE (__tdata_start = LOADADDR (tdata))
                0x0000000000000001                PROVIDE (__tdata_align = ALIGNOF (tdata))
                0x0000000000000000                PROVIDE (__tdata_size = (((SIZEOF (tdata) + __tdata_align) - 0x1) & ~ ((__tdata_align - 0x1))))
                [!provide]                        PROVIDE (__tdata_end = (__tdata_start + __tdata_size))
                0x0000000000000004                PROVIDE (__tbss_align = ALIGNOF (tbss))
                [!provide]                        PROVIDE (__tbss_start = ADDR (tbss))
                0x0000000000000004                PROVIDE (__tbss_size = (((SIZEOF (tbss) + __tbss_align) - 0x1) & ~ ((__tbss_align - 0x1))))
                [!provide]                        PROVIDE (__tbss_end = (__tbss_start + __tbss_size))
                [!provide]                        PROVIDE (__tls_start = __tdata_start)
                [!provide]                        PROVIDE (__tls_end = __tbss_end)
                [!provide]                        PROVIDE (__tls_size = (__tbss_end - __tdata_start))

rodata          0x0000000008003ddc      0x304
 *(SORT_BY_ALIGNMENT(.rodata))
 *(SORT_BY_ALIGNMENT(.rodata.*))
 .rodata.mem_attr_region
                0x0000000008003ddc        0x0 zephyr/libzephyr.a(mem_attr.c.obj)
 .rodata.static_regions
                0x0000000008003ddc        0xc zephyr/arch/arch/arm/core/mpu/libarch__arm__core__mpu.a(arm_core_mpu.c.obj)
 .rodata.mpu_config
                0x0000000008003de8        0x8 zephyr/arch/arch/arm/core/mpu/libarch__arm__core__mpu.a(arm_mpu_regions.c.obj)
                0x0000000008003de8                mpu_config
 .rodata.mpu_regions
                0x0000000008003df0       0x18 zephyr/arch/arch/arm/core/mpu/libarch__arm__core__mpu.a(arm_mpu_regions.c.obj)
 .rodata.gpio_stm32_cfg_g
                0x0000000008003e08       0x14 zephyr/drivers/gpio/libdrivers__gpio.a(gpio_stm32.c.obj)
 .rodata.gpio_stm32_cfg_f
                0x0000000008003e1c       0x14 zephyr/drivers/gpio/libdrivers__gpio.a(gpio_stm32.c.obj)
 .rodata.gpio_stm32_cfg_e
                0x0000000008003e30       0x14 zephyr/drivers/gpio/libdrivers__gpio.a(gpio_stm32.c.obj)
 .rodata.gpio_stm32_cfg_d
                0x0000000008003e44       0x14 zephyr/drivers/gpio/libdrivers__gpio.a(gpio_stm32.c.obj)
 .rodata.gpio_stm32_cfg_c
                0x0000000008003e58       0x14 zephyr/drivers/gpio/libdrivers__gpio.a(gpio_stm32.c.obj)
 .rodata.gpio_stm32_cfg_b
                0x0000000008003e6c       0x14 zephyr/drivers/gpio/libdrivers__gpio.a(gpio_stm32.c.obj)
 .rodata.gpio_stm32_cfg_a
                0x0000000008003e80       0x14 zephyr/drivers/gpio/libdrivers__gpio.a(gpio_stm32.c.obj)
 .rodata.gpio_ports
                0x0000000008003e94       0x44 zephyr/drivers/pinctrl/libdrivers__pinctrl.a(pinctrl_stm32.c.obj)
 .rodata.reset_stm32_config
                0x0000000008003ed8        0x4 zephyr/drivers/reset/libdrivers__reset.a(reset_stm32.c.obj)
 .rodata.uart_stm32_cfg_1
                0x0000000008003edc       0x24 zephyr/drivers/serial/libdrivers__serial.a(uart_stm32.c.obj)
 .rodata.pclken_1
                0x0000000008003f00        0x8 zephyr/drivers/serial/libdrivers__serial.a(uart_stm32.c.obj)
 .rodata.__pinctrl_dev_config__device_dts_ord_62
                0x0000000008003f08        0x8 zephyr/drivers/serial/libdrivers__serial.a(uart_stm32.c.obj)
 .rodata.__pinctrl_states__device_dts_ord_62
                0x0000000008003f10        0x8 zephyr/drivers/serial/libdrivers__serial.a(uart_stm32.c.obj)
 .rodata.__pinctrl_state_pins_0__device_dts_ord_62
                0x0000000008003f18       0x10 zephyr/drivers/serial/libdrivers__serial.a(uart_stm32.c.obj)
 .rodata.uart_stm32_cfg_0
                0x0000000008003f28       0x24 zephyr/drivers/serial/libdrivers__serial.a(uart_stm32.c.obj)
 .rodata.pclken_0
                0x0000000008003f4c        0x8 zephyr/drivers/serial/libdrivers__serial.a(uart_stm32.c.obj)
 .rodata.__pinctrl_dev_config__device_dts_ord_65
                0x0000000008003f54        0x8 zephyr/drivers/serial/libdrivers__serial.a(uart_stm32.c.obj)
 .rodata.__pinctrl_states__device_dts_ord_65
                0x0000000008003f5c        0x8 zephyr/drivers/serial/libdrivers__serial.a(uart_stm32.c.obj)
 .rodata.__pinctrl_state_pins_0__device_dts_ord_65
                0x0000000008003f64       0x10 zephyr/drivers/serial/libdrivers__serial.a(uart_stm32.c.obj)
 .rodata.levels.0
                0x0000000008003f74       0x18 zephyr/kernel/libkernel.a(init.c.obj)
 .rodata.LPUART_PRESCALER_TAB
                0x0000000008003f8c       0x18 zephyr/drivers/serial/libdrivers__serial.a(uart_stm32.c.obj)
 .rodata.str1.1
                0x0000000008003fa4        0xf zephyr/arch/arch/arm/core/mpu/libarch__arm__core__mpu.a(arm_mpu_regions.c.obj)
 .rodata.line_range_6.0
                0x0000000008003fb3        0x2 zephyr/drivers/interrupt_controller/libdrivers__interrupt_controller.a(intc_exti_stm32.c.obj)
 .rodata.line_range_5.1
                0x0000000008003fb5        0x2 zephyr/drivers/interrupt_controller/libdrivers__interrupt_controller.a(intc_exti_stm32.c.obj)
 .rodata.line_range_4.2
                0x0000000008003fb7        0x2 zephyr/drivers/interrupt_controller/libdrivers__interrupt_controller.a(intc_exti_stm32.c.obj)
 .rodata.line_range_3.3
                0x0000000008003fb9        0x2 zephyr/drivers/interrupt_controller/libdrivers__interrupt_controller.a(intc_exti_stm32.c.obj)
 .rodata.line_range_2.4
                0x0000000008003fbb        0x2 zephyr/drivers/interrupt_controller/libdrivers__interrupt_controller.a(intc_exti_stm32.c.obj)
 .rodata.line_range_1.5
                0x0000000008003fbd        0x2 zephyr/drivers/interrupt_controller/libdrivers__interrupt_controller.a(intc_exti_stm32.c.obj)
 .rodata.line_range_0.6
                0x0000000008003fbf        0x2 zephyr/drivers/interrupt_controller/libdrivers__interrupt_controller.a(intc_exti_stm32.c.obj)
 .rodata.str1.1
                0x0000000008003fc1       0x1e zephyr/drivers/interrupt_controller/libdrivers__interrupt_controller.a(intc_exti_stm32.c.obj)
 .rodata.str1.1
                0x0000000008003fdf        0xd zephyr/drivers/clock_control/libdrivers__clock_control.a(clock_stm32_ll_common.c.obj)
 .rodata.str1.1
                0x0000000008003fec       0x62 zephyr/drivers/gpio/libdrivers__gpio.a(gpio_stm32.c.obj)
 .rodata.str1.1
                0x000000000800404e       0x11 zephyr/drivers/reset/libdrivers__reset.a(reset_stm32.c.obj)
 .rodata.str1.1
                0x000000000800405f       0x20 zephyr/drivers/serial/libdrivers__serial.a(uart_stm32.c.obj)
 .rodata.AHBPrescTable
                0x000000000800407f       0x10 modules/hal_stm32/stm32cube/lib..__modules__hal__stm32__stm32cube.a(system_stm32g4xx.c.obj)
                0x000000000800407f                AHBPrescTable
 .rodata.z_cstart.str1.1
                0x000000000800408f        0x5 zephyr/kernel/libkernel.a(init.c.obj)
 .rodata.boot_banner.str1.1
                0x0000000008004094       0x3b zephyr/kernel/libkernel.a(banner.c.obj)
 .rodata.__l_vfprintf.str1.1
                0x00000000080040cf        0xf d:\zephyr_sdk\arm-zephyr-eabi\bin\../lib/gcc/../../picolibc/arm-zephyr-eabi/lib/thumb/v7e-m/nofp\libc.a(libc_tinystdio_vflprintf.c.o)
 *(SORT_BY_ALIGNMENT(.gnu.linkonce.r.*))
                0x00000000080040e0                . = ALIGN (0x4)
 *fill*         0x00000000080040de        0x2 

/DISCARD/
 *(SORT_BY_ALIGNMENT(.eh_frame))
                0x00000000080040e0                __rodata_region_end = .
                0x00000000080040e0                . = ALIGN (_region_min_align)
                0x0000000008008000                . = ALIGN ((0x1 << LOG2CEIL ((__rodata_region_end - ADDR (rom_start)))))
                0x0000000008008000                __rom_region_end = ((__rom_region_start + .) - ADDR (rom_start))

/DISCARD/
 *(SORT_BY_ALIGNMENT(.got.plt))
 *(SORT_BY_ALIGNMENT(.igot.plt))
 *(SORT_BY_ALIGNMENT(.got))
 *(SORT_BY_ALIGNMENT(.igot))
                0x0000000020000000                . = 0x20000000
                0x0000000020000000                . = ALIGN (_region_min_align)
                0x0000000020000000                _image_ram_start = .

.ramfunc        0x0000000020000000        0x0 load address 0x00000000080040e0
                0x0000000020000000                __ramfunc_region_start = .
                0x0000000020000000                . = ALIGN (_region_min_align)
                0x0000000020000000                . = ALIGN ((0x1 << LOG2CEIL (__ramfunc_size)))
                0x0000000020000000                __ramfunc_start = .
 *(SORT_BY_ALIGNMENT(.ramfunc))
 *(SORT_BY_ALIGNMENT(.ramfunc.*))
                0x0000000020000000                . = ALIGN (_region_min_align)
                0x0000000020000000                . = ALIGN ((0x1 << LOG2CEIL (__ramfunc_size)))
                0x0000000020000000                __ramfunc_end = .
                0x0000000000000000                __ramfunc_size = (__ramfunc_end - __ramfunc_start)
                0x00000000080040e0                __ramfunc_load_start = LOADADDR (.ramfunc)

datas           0x0000000020000000       0x54 load address 0x00000000080040e0
                0x0000000020000000                __data_region_start = .
                0x0000000020000000                __data_start = .
 *(SORT_BY_ALIGNMENT(.data))
 *(SORT_BY_ALIGNMENT(.data.*))
 .data._char_out
                0x0000000020000000        0x4 zephyr/libzephyr.a(printk.c.obj)
 .data.__stdout
                0x0000000020000004       0x10 zephyr/lib/libc/picolibc/liblib__libc__picolibc.a(stdio.c.obj)
 .data.uart_stm32_data_1
                0x0000000020000014        0x8 zephyr/drivers/serial/libdrivers__serial.a(uart_stm32.c.obj)
 .data.uart_cfg_1
                0x000000002000001c        0x8 zephyr/drivers/serial/libdrivers__serial.a(uart_stm32.c.obj)
 .data.uart_stm32_data_0
                0x0000000020000024        0x8 zephyr/drivers/serial/libdrivers__serial.a(uart_stm32.c.obj)
 .data.uart_cfg_0
                0x000000002000002c        0x8 zephyr/drivers/serial/libdrivers__serial.a(uart_stm32.c.obj)
 .data.SystemCoreClock
                0x0000000020000034        0x4 modules/hal_stm32/stm32cube/lib..__modules__hal__stm32__stm32cube.a(system_stm32g4xx.c.obj)
                0x0000000020000034                SystemCoreClock
 .data.slice_ticks
                0x0000000020000038        0x4 zephyr/kernel/libkernel.a(timeslicing.c.obj)
 .data.timeout_list
                0x000000002000003c        0x8 zephyr/kernel/libkernel.a(timeout.c.obj)
 .data.exti_irq_table
                0x0000000020000044       0x10 zephyr/drivers/interrupt_controller/libdrivers__interrupt_controller.a(intc_exti_stm32.c.obj)
 *(SORT_BY_ALIGNMENT(.kernel.*))
                0x0000000020000054                __data_end = .
                0x0000000000000054                __data_size = (__data_end - __data_start)
                0x00000000080040e0                __data_load_start = LOADADDR (datas)
                0x00000000080040e0                __data_region_load_start = LOADADDR (datas)

device_states   0x0000000020000054       0x18 load address 0x0000000008004134
                0x0000000020000054                . = ALIGN (0x4)
                0x0000000020000054                __device_states_start = .
 *(SORT_BY_ALIGNMENT(.z_devstate))
 .z_devstate    0x0000000020000054        0x2 zephyr/drivers/interrupt_controller/libdrivers__interrupt_controller.a(intc_exti_stm32.c.obj)
 .z_devstate    0x0000000020000056        0x2 zephyr/drivers/clock_control/libdrivers__clock_control.a(clock_stm32_ll_common.c.obj)
 .z_devstate    0x0000000020000058        0xe zephyr/drivers/gpio/libdrivers__gpio.a(gpio_stm32.c.obj)
 .z_devstate    0x0000000020000066        0x2 zephyr/drivers/reset/libdrivers__reset.a(reset_stm32.c.obj)
 .z_devstate    0x0000000020000068        0x4 zephyr/drivers/serial/libdrivers__serial.a(uart_stm32.c.obj)
 *(SORT_BY_ALIGNMENT(.z_devstate.*))
                0x000000002000006c                __device_states_end = .
                0x000000002000006c                . = ALIGN (0x4)

log_mpsc_pbuf_area
                0x000000002000006c        0x0 load address 0x000000000800414c
                0x000000002000006c                _log_mpsc_pbuf_list_start = .
 *(SORT_BY_NAME(SORT_BY_ALIGNMENT(._log_mpsc_pbuf.static.*)))
                0x000000002000006c                _log_mpsc_pbuf_list_end = .

log_msg_ptr_area
                0x000000002000006c        0x0 load address 0x000000000800414c
                0x000000002000006c                _log_msg_ptr_list_start = .
 *(SORT_BY_NAME(SORT_BY_ALIGNMENT(._log_msg_ptr.static.*)))
                0x000000002000006c                _log_msg_ptr_list_end = .

log_dynamic_area
                0x000000002000006c        0x0 load address 0x000000000800414c
                0x000000002000006c                _log_dynamic_list_start = .
 *(SORT_BY_NAME(SORT_BY_ALIGNMENT(._log_dynamic.static.*)))
                0x000000002000006c                _log_dynamic_list_end = .

k_timer_area    0x000000002000006c        0x0 load address 0x000000000800414c
                0x000000002000006c                _k_timer_list_start = .
 *(SORT_BY_NAME(SORT_BY_ALIGNMENT(._k_timer.static.*)))
                0x000000002000006c                _k_timer_list_end = .

k_mem_slab_area
                0x000000002000006c        0x0 load address 0x000000000800414c
                0x000000002000006c                _k_mem_slab_list_start = .
 *(SORT_BY_NAME(SORT_BY_ALIGNMENT(._k_mem_slab.static.*)))
                0x000000002000006c                _k_mem_slab_list_end = .

k_heap_area     0x000000002000006c        0x0 load address 0x000000000800414c
                0x000000002000006c                _k_heap_list_start = .
 *(SORT_BY_NAME(SORT_BY_ALIGNMENT(._k_heap.static.*)))
                0x000000002000006c                _k_heap_list_end = .

k_mutex_area    0x000000002000006c        0x0 load address 0x000000000800414c
                0x000000002000006c                _k_mutex_list_start = .
 *(SORT_BY_NAME(SORT_BY_ALIGNMENT(._k_mutex.static.*)))
                0x000000002000006c                _k_mutex_list_end = .

k_stack_area    0x000000002000006c        0x0 load address 0x000000000800414c
                0x000000002000006c                _k_stack_list_start = .
 *(SORT_BY_NAME(SORT_BY_ALIGNMENT(._k_stack.static.*)))
                0x000000002000006c                _k_stack_list_end = .

k_msgq_area     0x000000002000006c        0x0 load address 0x000000000800414c
                0x000000002000006c                _k_msgq_list_start = .
 *(SORT_BY_NAME(SORT_BY_ALIGNMENT(._k_msgq.static.*)))
                0x000000002000006c                _k_msgq_list_end = .

k_mbox_area     0x000000002000006c        0x0 load address 0x000000000800414c
                0x000000002000006c                _k_mbox_list_start = .
 *(SORT_BY_NAME(SORT_BY_ALIGNMENT(._k_mbox.static.*)))
                0x000000002000006c                _k_mbox_list_end = .

k_pipe_area     0x000000002000006c        0x0 load address 0x000000000800414c
                0x000000002000006c                _k_pipe_list_start = .
 *(SORT_BY_NAME(SORT_BY_ALIGNMENT(._k_pipe.static.*)))
                0x000000002000006c                _k_pipe_list_end = .

k_sem_area      0x000000002000006c        0x0 load address 0x000000000800414c
                0x000000002000006c                _k_sem_list_start = .
 *(SORT_BY_NAME(SORT_BY_ALIGNMENT(._k_sem.static.*)))
                0x000000002000006c                _k_sem_list_end = .

k_event_area    0x000000002000006c        0x0 load address 0x000000000800414c
                0x000000002000006c                _k_event_list_start = .
 *(SORT_BY_NAME(SORT_BY_ALIGNMENT(._k_event.static.*)))
                0x000000002000006c                _k_event_list_end = .

k_queue_area    0x000000002000006c        0x0 load address 0x000000000800414c
                0x000000002000006c                _k_queue_list_start = .
 *(SORT_BY_NAME(SORT_BY_ALIGNMENT(._k_queue.static.*)))
                0x000000002000006c                _k_queue_list_end = .

k_fifo_area     0x000000002000006c        0x0 load address 0x000000000800414c
                0x000000002000006c                _k_fifo_list_start = .
 *(SORT_BY_NAME(SORT_BY_ALIGNMENT(._k_fifo.static.*)))
                0x000000002000006c                _k_fifo_list_end = .

k_lifo_area     0x000000002000006c        0x0 load address 0x000000000800414c
                0x000000002000006c                _k_lifo_list_start = .
 *(SORT_BY_NAME(SORT_BY_ALIGNMENT(._k_lifo.static.*)))
                0x000000002000006c                _k_lifo_list_end = .

k_condvar_area  0x000000002000006c        0x0 load address 0x000000000800414c
                0x000000002000006c                _k_condvar_list_start = .
 *(SORT_BY_NAME(SORT_BY_ALIGNMENT(._k_condvar.static.*)))
                0x000000002000006c                _k_condvar_list_end = .

sys_mem_blocks_ptr_area